This is XeTeX, Version 3.141592653-2.6-0.999997 (TeX Live 2025) (preloaded format=xelatex 2025.10.20)  16 SEP 2026 00:14
entering extended mode
 restricted \write18 enabled.
 %&-line parsing enabled.
**document_maitre.tex
(./document_maitre.tex
LaTeX2e <2025-06-01> patch level 1
L3 programming layer <2025-09-02>
(/usr/local/texlive/2025/texmf-dist/tex/latex/base/book.cls
Document Class: book 2025/01/22 v1.4n Standard LaTeX document class
(/usr/local/texlive/2025/texmf-dist/tex/latex/base/bk12.clo
File: bk12.clo 2025/01/22 v1.4n Standard LaTeX file (size option)
)
\c@part=\count271
\c@chapter=\count272
\c@section=\count273
\c@subsection=\count274
\c@subsubsection=\count275
\c@paragraph=\count276
\c@subparagraph=\count277
\c@figure=\count278
\c@table=\count279
\abovecaptionskip=\skip49
\belowcaptionskip=\skip50
\bibindent=\dimen148
)
(/usr/local/texlive/2025/texmf-dist/tex/latex/fontspec/fontspec.sty
(/usr/local/texlive/2025/texmf-dist/tex/latex/l3packages/xparse/xparse.sty
(/usr/local/texlive/2025/texmf-dist/tex/latex/l3kernel/expl3.sty
Package: expl3 2025-09-02 L3 programming layer (loader) 

(/usr/local/texlive/2025/texmf-dist/tex/latex/l3backend/l3backend-xetex.def
File: l3backend-xetex.def 2025-06-09 L3 backend support: XeTeX
\g__graphics_track_int=\count280
\g__pdfannot_backend_int=\count281
\g__pdfannot_backend_link_int=\count282
))
Package: xparse 2024-08-16 L3 Experimental document command parser
)
Package: fontspec 2025/09/29 v2.9g Font selection for XeLaTeX and LuaLaTeX

(/usr/local/texlive/2025/texmf-dist/tex/latex/fontspec/fontspec-xetex.sty
Package: fontspec-xetex 2025/09/29 v2.9g Font selection for XeLaTeX and LuaLaTe
X
\l__fontspec_script_int=\count283
\l__fontspec_language_int=\count284
\l__fontspec_strnum_int=\count285
\l__fontspec_tmp_int=\count286
\l__fontspec_tmpa_int=\count287
\l__fontspec_tmpb_int=\count288
\l__fontspec_tmpc_int=\count289
\l__fontspec_em_int=\count290
\l__fontspec_emdef_int=\count291
\l__fontspec_strong_int=\count292
\l__fontspec_strongdef_int=\count293
\l__fontspec_tmpa_dim=\dimen149
\l__fontspec_tmpb_dim=\dimen150
\l__fontspec_tmpc_dim=\dimen151

(/usr/local/texlive/2025/texmf-dist/tex/latex/base/fontenc.sty
Package: fontenc 2024/12/21 v2.1c Standard LaTeX package
)
(/usr/local/texlive/2025/texmf-dist/tex/latex/fontspec/fontspec.cfg)))
(/usr/local/texlive/2025/texmf-dist/tex/xelatex/xunicode/xunicode.sty
File: xunicode.sty 2011/09/09 v0.981 provides access to latin accents and many 
other characters in Unicode lower plane

(/usr/local/texlive/2025/texmf-dist/tex/latex/tipa/t3enc.def
File: t3enc.def 2001/12/31 T3 encoding
)
\tipaTiiicode=\count294
\tipasavetokens=\toks17
\tipachecktokens=\toks18
LaTeX Encoding Info:    Redeclaring text command \nobreakspace (encoding TU) on
 input line 1725.
LaTeX Encoding Info:    Redeclaring text command \copyright (encoding TU) on in
put line 1739.
LaTeX Encoding Info:    Redeclaring text command \AA (encoding TU) on input lin
e 1785.
LaTeX Encoding Info:    Redeclaring text command \aa (encoding TU) on input lin
e 1842.

(/usr/local/texlive/2025/texmf-dist/tex/latex/graphics/graphicx.sty
Package: graphicx 2024/12/31 v1.2e Enhanced LaTeX Graphics (DPC,SPQR)

(/usr/local/texlive/2025/texmf-dist/tex/latex/graphics/keyval.sty
Package: keyval 2022/05/29 v1.15 key=value parser (DPC)
\KV@toks@=\toks19
)
(/usr/local/texlive/2025/texmf-dist/tex/latex/graphics/graphics.sty
Package: graphics 2024/08/06 v1.4g Standard LaTeX Graphics (DPC,SPQR)

(/usr/local/texlive/2025/texmf-dist/tex/latex/graphics/trig.sty
Package: trig 2023/12/02 v1.11 sin cos tan (DPC)
)
(/usr/local/texlive/2025/texmf-dist/tex/latex/graphics-cfg/graphics.cfg
File: graphics.cfg 2016/06/04 v1.11 sample graphics configuration
)
Package graphics Info: Driver file: xetex.def on input line 106.

(/usr/local/texlive/2025/texmf-dist/tex/latex/graphics-def/xetex.def
File: xetex.def 2025/09/29 v5.0o Graphics/color driver for xetex
))
\Gin@req@height=\dimen152
\Gin@req@width=\dimen153
)
LaTeX Encoding Info:    Redeclaring text command \textrhookopeno (encoding TU) 
on input line 3119.
LaTeX Encoding Info:    Redeclaring text command \hbar (encoding TU) on input l
ine 3636.
LaTeX Encoding Info:    Redeclaring text command \textaolig (encoding TU) on in
put line 3729.
)
(/usr/local/texlive/2025/texmf-dist/tex/latex/polyglossia/polyglossia.sty
Package: polyglossia 2025/09/22 v2.8 Modern multilingual typesetting with XeLaT
eX and LuaLaTeX

(/usr/local/texlive/2025/texmf-dist/tex/latex/etoolbox/etoolbox.sty
Package: etoolbox 2025/10/02 v2.5m e-TeX tools for LaTeX (JAW)
\etb@tempcnta=\count295
)
(/usr/local/texlive/2025/texmf-dist/tex/generic/iftex/iftex.sty
Package: iftex 2024/12/12 v1.0g TeX engine tests
)
\l_xpg_alias_keyvals_int=\count296

(/usr/local/texlive/2025/texmf-dist/tex/latex/polyglossia/gloss-latex.ldf
File: gloss-latex.ldf polyglossia: module for default language
))
(/usr/local/texlive/2025/texmf-dist/tex/latex/polyglossia/gloss-french.ldf
File: gloss-french.ldf polyglossia: module for French
\french@openbrackets=\XeTeXcharclass1
\french@closebrackets=\XeTeXcharclass2
\french@questionexclamation=\XeTeXcharclass3
\french@punctthin=\XeTeXcharclass4
\french@punctthick=\XeTeXcharclass5
\french@punctguillstart=\XeTeXcharclass6
\french@punctguillend=\XeTeXcharclass7
)

Package polyglossia Info: Default language is french


(/usr/local/texlive/2025/texmf-dist/tex/latex/csquotes/csquotes.sty
Package: csquotes 2024-04-04 v5.2o context-sensitive quotations (JAW)
\csq@reset=\count297
\csq@gtype=\count298
\csq@glevel=\count299
\csq@qlevel=\count300
\csq@maxlvl=\count301
\csq@tshold=\count302
\csq@ltx@everypar=\toks20

(/usr/local/texlive/2025/texmf-dist/tex/latex/csquotes/csquotes.def
File: csquotes.def 2024-04-04 v5.2o csquotes generic definitions (JAW)
)
Package csquotes Info: Trying to load configuration file 'csquotes.cfg'...
Package csquotes Info: ... configuration file loaded successfully.

(/usr/local/texlive/2025/texmf-dist/tex/latex/csquotes/csquotes.cfg
File: csquotes.cfg 
))
(/usr/local/texlive/2025/texmf-dist/tex/latex/lettrine/lettrine.sty
File: lettrine.sty 2025-01-30 v2.80 (Daniel Flipo)

(/usr/local/texlive/2025/texmf-dist/tex/latex/l3packages/xfp/xfp.sty
Package: xfp 2024-08-16 L3 Floating point unit
)
\c@DefaultLines=\count303
\c@DefaultDepth=\count304
\DefaultFindent=\dimen154
\DefaultNindent=\dimen155
\DefaultSlope=\dimen156
\DiscardVskip=\dimen157
\L@lettrine=\box53
\L@lbox=\box54
\L@tbox=\box55
\c@L@lines=\count305
\c@L@depth=\count306
\L@Pindent=\dimen158
\L@Findent=\dimen159
\L@Nindent=\dimen160
\L@lraise=\dimen161
\L@first=\dimen162
\L@next=\dimen163
\L@slope=\dimen164
\L@height=\dimen165
\L@novskip=\dimen166
\L@target@ht=\dimen167
\L@target@dp=\dimen168
\L@target@tht=\dimen169
\LettrineWidth=\dimen170
\LettrineHeight=\dimen171
\LettrineDepth=\dimen172
\L@finalht=\dimen173
\L@finaldp=\dimen174

Loading lettrine.cfg
(/usr/local/texlive/2025/texmf-dist/tex/latex/lettrine/lettrine.cfg)
\Lettrine@tweaks=\toks21
\Llist@everypar=\toks22
)
(/usr/local/texlive/2025/texmf-dist/tex/latex/biblatex/biblatex.sty
Package: biblatex 2025/07/10 v3.21 programmable bibliographies (PK/MW)

(/usr/local/texlive/2025/texmf-dist/tex/generic/pdftexcmds/pdftexcmds.sty
Package: pdftexcmds 2020-06-27 v0.33 Utility functions of pdfTeX for LuaTeX (HO
)

(/usr/local/texlive/2025/texmf-dist/tex/generic/infwarerr/infwarerr.sty
Package: infwarerr 2019/12/03 v1.5 Providing info/warning/error messages (HO)
)
(/usr/local/texlive/2025/texmf-dist/tex/generic/ltxcmds/ltxcmds.sty
Package: ltxcmds 2023-12-04 v1.26 LaTeX kernel commands for general use (HO)
)
Package pdftexcmds Info: \pdf@primitive is available.
Package pdftexcmds Info: \pdf@ifprimitive is available.
Package pdftexcmds Info: \pdfdraftmode not found.
)
(/usr/local/texlive/2025/texmf-dist/tex/latex/kvoptions/kvoptions.sty
Package: kvoptions 2022-06-15 v3.15 Key value format for package options (HO)

(/usr/local/texlive/2025/texmf-dist/tex/latex/kvsetkeys/kvsetkeys.sty
Package: kvsetkeys 2022-10-05 v1.19 Key value parser (HO)
))
(/usr/local/texlive/2025/texmf-dist/tex/latex/logreq/logreq.sty
Package: logreq 2010/08/04 v1.0 xml request logger
\lrq@indent=\count307

(/usr/local/texlive/2025/texmf-dist/tex/latex/logreq/logreq.def
File: logreq.def 2010/08/04 v1.0 logreq spec v1.0
))
(/usr/local/texlive/2025/texmf-dist/tex/latex/base/ifthen.sty
Package: ifthen 2024/03/16 v1.1e Standard LaTeX ifthen package (DPC)
)
(/usr/local/texlive/2025/texmf-dist/tex/latex/url/url.sty
\Urlmuskip=\muskip17
Package: url 2013/09/16  ver 3.4  Verb mode for urls, etc.
)
\c@tabx@nest=\count308
\c@listtotal=\count309
\c@listcount=\count310
\c@liststart=\count311
\c@liststop=\count312
\c@citecount=\count313
\c@citetotal=\count314
\c@multicitecount=\count315
\c@multicitetotal=\count316
\c@instcount=\count317
\c@maxnames=\count318
\c@minnames=\count319
\c@maxitems=\count320
\c@minitems=\count321
\c@citecounter=\count322
\c@maxcitecounter=\count323
\c@savedcitecounter=\count324
\c@uniquelist=\count325
\c@uniquename=\count326
\c@refsection=\count327
\c@refsegment=\count328
\c@maxextratitle=\count329
\c@maxextratitleyear=\count330
\c@maxextraname=\count331
\c@maxextradate=\count332
\c@maxextraalpha=\count333
\c@abbrvpenalty=\count334
\c@highnamepenalty=\count335
\c@lownamepenalty=\count336
\c@maxparens=\count337
\c@parenlevel=\count338
\blx@tempcnta=\count339
\blx@tempcntb=\count340
\blx@tempcntc=\count341
\c@blx@maxsection=\count342
\blx@maxsegment@0=\count343
\blx@notetype=\count344
\blx@parenlevel@text=\count345
\blx@parenlevel@foot=\count346
\blx@sectionciteorder@0=\count347
\blx@sectionciteorderinternal@0=\count348
\blx@entrysetcounter=\count349
\blx@biblioinstance=\count350
\labelnumberwidth=\skip51
\labelalphawidth=\skip52
\biblabelsep=\skip53
\bibitemsep=\skip54
\bibnamesep=\skip55
\bibinitsep=\skip56
\bibparsep=\skip57
\bibhang=\skip58
\blx@bcfin=\read2
\blx@bcfout=\write3
\blx@langwohyphens=\language90
\c@mincomprange=\count351
\c@maxcomprange=\count352
\c@mincompwidth=\count353
Package biblatex Info: Trying to load biblatex default data model...
Package biblatex Info: ... file 'blx-dm.def' found.

(/usr/local/texlive/2025/texmf-dist/tex/latex/biblatex/blx-dm.def
File: blx-dm.def 2025/07/10 v3.21 biblatex datamodel (PK/MW)
)
Package biblatex Info: Trying to load biblatex style data model...
Package biblatex Info: ... file 'enc.dbx' not found.
Package biblatex Info: Trying to load biblatex custom data model...
Package biblatex Info: ... file 'biblatex-dm.cfg' not found.
\c@afterword=\count354
\c@savedafterword=\count355
\c@annotator=\count356
\c@savedannotator=\count357
\c@author=\count358
\c@savedauthor=\count359
\c@bookauthor=\count360
\c@savedbookauthor=\count361
\c@commentator=\count362
\c@savedcommentator=\count363
\c@editor=\count364
\c@savededitor=\count365
\c@editora=\count366
\c@savededitora=\count367
\c@editorb=\count368
\c@savededitorb=\count369
\c@editorc=\count370
\c@savededitorc=\count371
\c@foreword=\count372
\c@savedforeword=\count373
\c@holder=\count374
\c@savedholder=\count375
\c@introduction=\count376
\c@savedintroduction=\count377
\c@namea=\count378
\c@savednamea=\count379
\c@nameb=\count380
\c@savednameb=\count381
\c@namec=\count382
\c@savednamec=\count383
\c@translator=\count384
\c@savedtranslator=\count385
\c@shortauthor=\count386
\c@savedshortauthor=\count387
\c@shorteditor=\count388
\c@savedshorteditor=\count389
\c@labelname=\count390
\c@savedlabelname=\count391
\c@institution=\count392
\c@savedinstitution=\count393
\c@lista=\count394
\c@savedlista=\count395
\c@listb=\count396
\c@savedlistb=\count397
\c@listc=\count398
\c@savedlistc=\count399
\c@listd=\count400
\c@savedlistd=\count401
\c@liste=\count402
\c@savedliste=\count403
\c@listf=\count404
\c@savedlistf=\count405
\c@location=\count406
\c@savedlocation=\count407
\c@organization=\count408
\c@savedorganization=\count409
\c@origlocation=\count410
\c@savedoriglocation=\count411
\c@origpublisher=\count412
\c@savedorigpublisher=\count413
\c@publisher=\count414
\c@savedpublisher=\count415
\c@language=\count416
\c@savedlanguage=\count417
\c@origlanguage=\count418
\c@savedoriglanguage=\count419
\c@pageref=\count420
\c@savedpageref=\count421
\shorthandwidth=\skip59
\shortjournalwidth=\skip60
\shortserieswidth=\skip61
\shorttitlewidth=\skip62
\shortauthorwidth=\skip63
\shorteditorwidth=\skip64
\locallabelnumberwidth=\skip65
\locallabelalphawidth=\skip66
\localshorthandwidth=\skip67
\localshortjournalwidth=\skip68
\localshortserieswidth=\skip69
\localshorttitlewidth=\skip70
\localshortauthorwidth=\skip71
\localshorteditorwidth=\skip72
Package biblatex Info: Trying to load enhanced support for Unicode engines...
Package biblatex Info: ... file 'blx-unicode.def' found.

(/usr/local/texlive/2025/texmf-dist/tex/latex/biblatex/blx-unicode.def)
Package biblatex Info: Trying to load compatibility code...
Package biblatex Info: ... file 'blx-compat.def' found.

(/usr/local/texlive/2025/texmf-dist/tex/latex/biblatex/blx-compat.def
File: blx-compat.def 2025/07/10 v3.21 biblatex compatibility (PK/MW)
)
Package biblatex Info: Trying to load generic definitions...
Package biblatex Info: ... file 'biblatex.def' found.

(/usr/local/texlive/2025/texmf-dist/tex/latex/biblatex/biblatex.def
File: biblatex.def 2025/07/10 v3.21 biblatex compatibility (PK/MW)
\c@textcitecount=\count422
\c@textcitetotal=\count423
\c@textcitemaxnames=\count424
\c@biburlbigbreakpenalty=\count425
\c@biburlbreakpenalty=\count426
\c@biburlnumpenalty=\count427
\c@biburlucpenalty=\count428
\c@biburllcpenalty=\count429
\biburlbigskip=\muskip18
\biburlnumskip=\muskip19
\biburlucskip=\muskip20
\biburllcskip=\muskip21
\c@smartand=\count430
)
Package biblatex Info: Trying to load bibliography style 'enc'...
Package biblatex Info: ... file 'enc.bbx' found.

(/usr/local/texlive/2025/texmf-dist/tex/latex/biblatex-enc/enc.bbx
File: enc.bbx 
)
Package biblatex Info: Trying to load citation style 'enc'...
Package biblatex Info: ... file 'enc.cbx' found.

(/usr/local/texlive/2025/texmf-dist/tex/latex/biblatex-enc/enc.cbx
File: enc.cbx 
Package biblatex Info: Redefining '\cite'.
Package biblatex Info: Redefining '\textcite'.
Package biblatex Info: Redefining '\parencite'.
Package biblatex Info: Redefining '\footcite'.
Package biblatex Info: Redefining '\smartcites'.
Package biblatex Info: Redefining '\smartcite'.
)
Package biblatex Info: Trying to load configuration file...
Package biblatex Info: ... file 'biblatex.cfg' found.

(/usr/local/texlive/2025/texmf-dist/tex/latex/biblatex/biblatex.cfg
File: biblatex.cfg 
)
Package biblatex Info: XeTeX detected.
(biblatex)             Assuming input encoding 'utf8'.
Package biblatex Info: Document encoding is UTF8 ....
Package biblatex Info: ... and expl3
(biblatex)             2025-09-02 L3 programming layer (loader) 
(biblatex)             is new enough (at least 2020/04/06),
(biblatex)             setting 'casechanger=expl3'.

(/usr/local/texlive/2025/texmf-dist/tex/latex/biblatex/blx-case-expl3.sty
Package: blx-case-expl3 2025/07/10 v3.21 expl3 case changing code for biblatex
))
(/usr/local/texlive/2025/texmf-dist/tex/latex/float/float.sty
Package: float 2001/11/08 v1.3d Float enhancements (AL)
\c@float@type=\count431
\float@exts=\toks23
\float@box=\box56
\@float@everytoks=\toks24
\@floatcapt=\box57
)
(/usr/local/texlive/2025/texmf-dist/tex/latex/caption/caption.sty
Package: caption 2023/08/05 v3.6o Customizing captions (AR)

(/usr/local/texlive/2025/texmf-dist/tex/latex/caption/caption3.sty
Package: caption3 2023/07/31 v2.4d caption3 kernel (AR)
\caption@tempdima=\dimen175
\captionmargin=\dimen176
\caption@leftmargin=\dimen177
\caption@rightmargin=\dimen178
\caption@width=\dimen179
\caption@indent=\dimen180
\caption@parindent=\dimen181
\caption@hangindent=\dimen182
Package caption Info: Standard document class detected.
)
\c@caption@flags=\count432
\c@continuedfloat=\count433
Package caption Info: float package is loaded.
)
(/usr/local/texlive/2025/texmf-dist/tex/latex/pdfpages/pdfpages.sty
Package: pdfpages 2025/07/23 v0.6g Insert pages of external PDF documents (AM)

(/usr/local/texlive/2025/texmf-dist/tex/latex/tools/calc.sty
Package: calc 2025/03/01 v4.3b Infix arithmetic (KKT,FJ)
\calc@Acount=\count434
\calc@Bcount=\count435
\calc@Adimen=\dimen183
\calc@Bdimen=\dimen184
\calc@Askip=\skip73
\calc@Bskip=\skip74
LaTeX Info: Redefining \setlength on input line 86.
LaTeX Info: Redefining \addtolength on input line 87.
\calc@Ccount=\count436
\calc@Cskip=\skip75
)
(/usr/local/texlive/2025/texmf-dist/tex/latex/eso-pic/eso-pic.sty
Package: eso-pic 2023/05/03 v3.0c eso-pic (RN)
\ESO@tempdima=\dimen185
\ESO@tempdimb=\dimen186

(/usr/local/texlive/2025/texmf-dist/tex/latex/xcolor/xcolor.sty
Package: xcolor 2024/09/29 v3.02 LaTeX color extensions (UK)

(/usr/local/texlive/2025/texmf-dist/tex/latex/graphics-cfg/color.cfg
File: color.cfg 2016/01/02 v1.6 sample color configuration
)
Package xcolor Info: Driver file: xetex.def on input line 274.

(/usr/local/texlive/2025/texmf-dist/tex/latex/graphics/mathcolor.ltx)
Package xcolor Info: Model `cmy' substituted by `cmy0' on input line 1349.
Package xcolor Info: Model `RGB' extended on input line 1365.
Package xcolor Info: Model `HTML' substituted by `rgb' on input line 1367.
Package xcolor Info: Model `Hsb' substituted by `hsb' on input line 1368.
Package xcolor Info: Model `tHsb' substituted by `hsb' on input line 1369.
Package xcolor Info: Model `HSB' substituted by `hsb' on input line 1370.
Package xcolor Info: Model `Gray' substituted by `gray' on input line 1371.
Package xcolor Info: Model `wave' substituted by `hsb' on input line 1372.
))
\AM@pagewidth=\dimen187
\AM@pageheight=\dimen188
\AM@fboxrule=\dimen189

(/usr/local/texlive/2025/texmf-dist/tex/latex/pdfpages/ppxetex.def
File: ppxetex.def 2025/07/23 v0.6g Pdfpages driver for XeTeX (AM)
)
\pdfpages@includegraphics@status=\count437
\AM@pagebox=\box58
\AM@global@opts=\toks25
\AM@pagecnt=\count438
\AM@toc@title=\toks26
\AM@lof@heading=\toks27
\c@AM@survey=\count439
\AM@templatesizebox=\box59
)
(/usr/local/texlive/2025/texmf-dist/tex/latex/enumitem/enumitem.sty
Package: enumitem 2025/02/06 v3.11 Customized lists
\labelindent=\skip76
\enit@outerparindent=\dimen190
\enit@toks=\toks28
\enit@inbox=\box60
\enit@count@id=\count440
\enitdp@description=\count441
)
(/usr/local/texlive/2025/texmf-dist/tex/latex/tools/tabularx.sty
Package: tabularx 2023/12/11 v2.12a `tabularx' package (DPC)

(/usr/local/texlive/2025/texmf-dist/tex/latex/tools/array.sty
Package: array 2025/06/08 v2.6j Tabular extension package (FMi)
\col@sep=\dimen191
\ar@mcellbox=\box61
\extrarowheight=\dimen192
\NC@list=\toks29
\extratabsurround=\skip77
\backup@length=\skip78
\ar@cellbox=\box62
)
\TX@col@width=\dimen193
\TX@old@table=\dimen194
\TX@old@col=\dimen195
\TX@target=\dimen196
\TX@delta=\dimen197
\TX@cols=\count442
\TX@ftn=\toks30
)
(/usr/local/texlive/2025/texmf-dist/tex/latex/tools/longtable.sty
Package: longtable 2024-12-18 v4.23 Multi-page Table package (DPC)
\LTleft=\skip79
\LTright=\skip80
\LTpre=\skip81
\LTpost=\skip82
\LTchunksize=\count443
\LTcapwidth=\dimen198
\LT@head=\box63
\LT@firsthead=\box64
\LT@foot=\box65
\LT@lastfoot=\box66
\LT@gbox=\box67
\LT@cols=\count444
\LT@rows=\count445
\c@LT@tables=\count446
\c@LT@chunks=\count447
\LT@p@ftn=\toks31
)
(/usr/local/texlive/2025/texmf-dist/tex/latex/geometry/geometry.sty
Package: geometry 2020/01/02 v5.9 Page Geometry

(/usr/local/texlive/2025/texmf-dist/tex/generic/iftex/ifvtex.sty
Package: ifvtex 2019/10/25 v1.7 ifvtex legacy package. Use iftex instead.
)
\Gm@cnth=\count448
\Gm@cntv=\count449
\c@Gm@tempcnt=\count450
\Gm@bindingoffset=\dimen199
\Gm@wd@mp=\dimen256
\Gm@odd@mp=\dimen257
\Gm@even@mp=\dimen258
\Gm@layoutwidth=\dimen259
\Gm@layoutheight=\dimen260
\Gm@layouthoffset=\dimen261
\Gm@layoutvoffset=\dimen262
\Gm@dimlist=\toks32
)
(/usr/local/texlive/2025/texmf-dist/tex/latex/setspace/setspace.sty
Package: setspace 2022/12/04 v6.7b set line spacing
)
(/usr/local/texlive/2025/texmf-dist/tex/latex/fancyhdr/fancyhdr.sty
Package: fancyhdr 2025/02/07 v5.2 Extensive control of page headers and footers

\f@nch@headwidth=\skip83
\f@nch@offset@elh=\skip84
\f@nch@offset@erh=\skip85
\f@nch@offset@olh=\skip86
\f@nch@offset@orh=\skip87
\f@nch@offset@elf=\skip88
\f@nch@offset@erf=\skip89
\f@nch@offset@olf=\skip90
\f@nch@offset@orf=\skip91
\f@nch@height=\skip92
\f@nch@footalignment=\skip93
\f@nch@widthL=\skip94
\f@nch@widthC=\skip95
\f@nch@widthR=\skip96
\@temptokenb=\toks33
)
(/usr/local/texlive/2025/texmf-dist/tex/latex/hyperref/hyperref.sty
Package: hyperref 2025-07-12 v7.01o Hypertext links for LaTeX

(/usr/local/texlive/2025/texmf-dist/tex/generic/kvdefinekeys/kvdefinekeys.sty
Package: kvdefinekeys 2019-12-19 v1.6 Define keys (HO)
)
(/usr/local/texlive/2025/texmf-dist/tex/generic/pdfescape/pdfescape.sty
Package: pdfescape 2019/12/09 v1.15 Implements pdfTeX's escape features (HO)
)
(/usr/local/texlive/2025/texmf-dist/tex/latex/hycolor/hycolor.sty
Package: hycolor 2020-01-27 v1.10 Color options for hyperref/bookmark (HO)
)
(/usr/local/texlive/2025/texmf-dist/tex/latex/hyperref/nameref.sty
Package: nameref 2025-06-21 v2.57 Cross-referencing by name of section

(/usr/local/texlive/2025/texmf-dist/tex/latex/refcount/refcount.sty
Package: refcount 2019/12/15 v3.6 Data extraction from label references (HO)
)
(/usr/local/texlive/2025/texmf-dist/tex/generic/gettitlestring/gettitlestring.s
ty
Package: gettitlestring 2019/12/15 v1.6 Cleanup title references (HO)
)
\c@section@level=\count451
) (/usr/local/texlive/2025/texmf-dist/tex/generic/stringenc/stringenc.sty
Package: stringenc 2019/11/29 v1.12 Convert strings between diff. encodings (HO
)
)
\@linkdim=\dimen263
\Hy@linkcounter=\count452
\Hy@pagecounter=\count453

(/usr/local/texlive/2025/texmf-dist/tex/latex/hyperref/pd1enc.def
File: pd1enc.def 2025-07-12 v7.01o Hyperref: PDFDocEncoding definition (HO)
)
(/usr/local/texlive/2025/texmf-dist/tex/generic/intcalc/intcalc.sty
Package: intcalc 2019/12/15 v1.3 Expandable calculations with integers (HO)
)
\Hy@SavedSpaceFactor=\count454

(/usr/local/texlive/2025/texmf-dist/tex/latex/hyperref/puenc.def
File: puenc.def 2025-07-12 v7.01o Hyperref: PDF Unicode definition (HO)

(/usr/local/texlive/2025/texmf-dist/tex/latex/greek-fontenc/puenc-greek.def
File: puenc-greek.def 2023-09-12 2.5 Greek LICRs for PDF strings

(/usr/local/texlive/2025/texmf-dist/tex/latex/greek-fontenc/greek-fontenc.def
File: greek-fontenc.def 2023-09-12 2.5 Common Greek font encoding definitions
)
LaTeX Encoding Info:    Redeclaring text command \textmu (encoding PU) on input
 line 179.
)
LaTeX Encoding Info:    Redeclaring text command \textohm (encoding PU) on inpu
t line 1176.
)
Package hyperref Info: Option `colorlinks' set `true' on input line 4066.
Package hyperref Info: Option `breaklinks' set `true' on input line 4066.
Package hyperref Info: Option `pdfusetitle' set `true' on input line 4066.
Package hyperref Info: Hyper figures OFF on input line 4195.
Package hyperref Info: Link nesting OFF on input line 4200.
Package hyperref Info: Hyper index ON on input line 4203.
Package hyperref Info: Plain pages OFF on input line 4210.
Package hyperref Info: Backreferencing OFF on input line 4215.
Package hyperref Info: Implicit mode ON; LaTeX internals redefined.
Package hyperref Info: Bookmarks ON on input line 4462.
\c@Hy@tempcnt=\count455
LaTeX Info: Redefining \url on input line 4801.
\XeTeXLinkMargin=\dimen264
 (/usr/local/texlive/2025/texmf-dist/tex/generic/bitset/bitset.sty
Package: bitset 2019/12/09 v1.3 Handle bit-vector datatype (HO)

(/usr/local/texlive/2025/texmf-dist/tex/generic/bigintcalc/bigintcalc.sty
Package: bigintcalc 2019/12/15 v1.5 Expandable calculations on big integers (HO
)
))
\Fld@menulength=\count456
\Field@Width=\dimen265
\Fld@charsize=\dimen266
Package hyperref Info: Hyper figures OFF on input line 6078.
Package hyperref Info: Link nesting OFF on input line 6083.
Package hyperref Info: Hyper index ON on input line 6086.
Package hyperref Info: backreferencing OFF on input line 6093.
Package hyperref Info: Link coloring ON on input line 6096.
Package hyperref Info: Link coloring with OCG OFF on input line 6103.
Package hyperref Info: PDF/A mode OFF on input line 6108.
\Hy@abspage=\count457
\c@Item=\count458
\c@Hfootnote=\count459
)
Package hyperref Info: Driver (autodetected): hxetex.

(/usr/local/texlive/2025/texmf-dist/tex/latex/hyperref/hxetex.def
File: hxetex.def 2025-07-12 v7.01o Hyperref driver for XeTeX
\pdfm@box=\box68
\c@Hy@AnnotLevel=\count460
\HyField@AnnotCount=\count461
\Fld@listcount=\count462
\c@bookmark@seq@number=\count463

(/usr/local/texlive/2025/texmf-dist/tex/latex/rerunfilecheck/rerunfilecheck.sty
Package: rerunfilecheck 2025-06-21 v1.11 Rerun checks for auxiliary files (HO)

(/usr/local/texlive/2025/texmf-dist/tex/generic/uniquecounter/uniquecounter.sty
Package: uniquecounter 2019/12/15 v1.4 Provide unlimited unique counter (HO)
)
Package uniquecounter Info: New unique counter `rerunfilecheck' on input line 2
84.
)
\Hy@SectionHShift=\skip97
) (/usr/local/texlive/2025/texmf-dist/tex/latex/bookmark/bookmark.sty
Package: bookmark 2023-12-10 v1.31 PDF bookmarks (HO)

(/usr/local/texlive/2025/texmf-dist/tex/latex/bookmark/bkm-dvipdfm.def
File: bkm-dvipdfm.def 2023-12-10 v1.31 bookmark driver for dvipdfm (HO)
\BKM@id=\count464
))
(/usr/local/texlive/2025/texmf-dist/tex/latex/glossaries/base/glossaries.sty
Package: glossaries 2025/08/11 v4.8 (NLCT)

(/usr/local/texlive/2025/texmf-dist/tex/latex/xkeyval/xkeyval.sty
Package: xkeyval 2022/06/16 v2.9 package option processing (HA)

(/usr/local/texlive/2025/texmf-dist/tex/generic/xkeyval/xkeyval.tex
(/usr/local/texlive/2025/texmf-dist/tex/generic/xkeyval/xkvutils.tex
\XKV@toks=\toks34
\XKV@tempa@toks=\toks35
)
\XKV@depth=\count465
File: xkeyval.tex 2014/12/03 v2.7a key=value parser (HA)
))
(/usr/local/texlive/2025/texmf-dist/tex/latex/mfirstuc/mfirstuc.sty
Package: mfirstuc 2025/04/03 v2.09 (NLCT)
\@glsmfirst=\toks36
\@glsmrest=\toks37
)
(/usr/local/texlive/2025/texmf-dist/tex/latex/xfor/xfor.sty
Package: xfor 2009/02/05 v1.05 (NLCT)
)
(/usr/local/texlive/2025/texmf-dist/tex/latex/amsmath/amsgen.sty
File: amsgen.sty 1999/11/30 v2.0 generic functions
\@emptytoks=\toks38
\ex@=\dimen267
)
(/usr/local/texlive/2025/texmf-dist/tex/latex/tracklang/tracklang.sty
Package: tracklang 2025/03/11 v1.6.6 (NLCT) Track Languages

(/usr/local/texlive/2025/texmf-dist/tex/generic/tracklang/tracklang.tex)
Package tracklang Info: Tracking dialect `france' (language `french') on input 
line 264.
)
(/usr/local/texlive/2025/texmf-dist/tex/latex/glossaries-french/glossaries-fren
ch.ldf
File: glossaries-french.ldf 2016/12/12 v1.1
)
(/usr/local/texlive/2025/texmf-dist/tex/latex/datatool/datatool-base.sty
Package: datatool-base 2025/04/25 v3.4.1 (NLCT)

(/usr/local/texlive/2025/texmf-dist/tex/latex/amsmath/amsmath.sty
Package: amsmath 2025/06/16 v2.17y AMS math features
\@mathmargin=\skip98

For additional information on amsmath, use the `?' option.
(/usr/local/texlive/2025/texmf-dist/tex/latex/amsmath/amstext.sty
Package: amstext 2024/11/17 v2.01 AMS text
)
(/usr/local/texlive/2025/texmf-dist/tex/latex/amsmath/amsbsy.sty
Package: amsbsy 1999/11/29 v1.2d Bold Symbols
\pmbraise@=\dimen268
)
(/usr/local/texlive/2025/texmf-dist/tex/latex/amsmath/amsopn.sty
Package: amsopn 2022/04/08 v2.04 operator names
)
\inf@bad=\count466
LaTeX Info: Redefining \frac on input line 233.
\uproot@=\count467
\leftroot@=\count468
LaTeX Info: Redefining \overline on input line 398.
LaTeX Info: Redefining \colon on input line 409.
\classnum@=\count469
\DOTSCASE@=\count470
LaTeX Info: Redefining \ldots on input line 495.
LaTeX Info: Redefining \dots on input line 498.
LaTeX Info: Redefining \cdots on input line 619.
\Mathstrutbox@=\box69
\strutbox@=\box70
LaTeX Info: Redefining \big on input line 721.
LaTeX Info: Redefining \Big on input line 722.
LaTeX Info: Redefining \bigg on input line 723.
LaTeX Info: Redefining \Bigg on input line 724.
\big@size=\dimen269
LaTeX Font Info:    Redeclaring font encoding OML on input line 742.
LaTeX Font Info:    Redeclaring font encoding OMS on input line 743.
\macc@depth=\count471
LaTeX Info: Redefining \bmod on input line 904.
LaTeX Info: Redefining \pmod on input line 909.
LaTeX Info: Redefining \smash on input line 939.
LaTeX Info: Redefining \relbar on input line 969.
LaTeX Info: Redefining \Relbar on input line 970.
\c@MaxMatrixCols=\count472
\dotsspace@=\muskip22
\c@parentequation=\count473
\dspbrk@lvl=\count474
\tag@help=\toks39
\row@=\count475
\column@=\count476
\maxfields@=\count477
\andhelp@=\toks40
\eqnshift@=\dimen270
\alignsep@=\dimen271
\tagshift@=\dimen272
\tagwidth@=\dimen273
\totwidth@=\dimen274
\lineht@=\dimen275
\@envbody=\toks41
\multlinegap=\skip99
\multlinetaggap=\skip100
\mathdisplay@stack=\toks42
LaTeX Info: Redefining \[ on input line 2949.
LaTeX Info: Redefining \] on input line 2950.
)
(/usr/local/texlive/2025/texmf-dist/tex/latex/datatool/datatool-l3fp.def
File: datatool-l3fp.def 2025/04/25 v3.4.1 (NLCT)
)
\@dtl@toks=\toks43
\@dtl@tmpcount=\count478
\dtl@tmplength=\skip101
\l__datatool_measure_box=\box71
\dtl@sortresult=\count479

(/usr/local/texlive/2025/texmf-dist/tex/latex/datatool/datatool-utf8.ldf
File: datatool-utf8.ldf 2025/04/25 v3.4.1 (NLCT)
)
\@dtl@datatype=\count480
\l__datatool_tmpa_int=\count481
\l__datatool_tmpb_int=\count482
\l__datatool_tmpc_int=\count483
\l__datatool_tmpd_int=\count484
\l__datatool_count_int=\count485
\l__datatool_tmp_datatype_int=\count486
\l__datatool_tmpa_dim=\dimen276
\l__datatool_tmpb_dim=\dimen277
\c_datatool_unknown_int=\count487
\l__datatool_year_int=\count488
\l__datatool_month_int=\count489
\l__datatool_day_int=\count490
\l__datatool_hour_int=\count491
\l__datatool_minute_int=\count492
\l__datatool_second_int=\count493
\l__datatool_tzhour_int=\count494
\l__datatool_tzminute_int=\count495
\l__datatool_julian_int=\count496
\l__datatool_local_julian_int=\count497
\l__datatool_prefix_int=\count498
\l__datatool_suffix_int=\count499
\@dtl@foreach@level=\count500


Package tracklang Warning: No `datatool' support for dialect `france'  on input
 line 9908.


Package tracklang Warning: No `datatool' support for dialect `france'  on input
 line 9908.

\dtl@codeA=\count501
\dtl@codeB=\count502
)
\gls@level=\count503
\@gls@tmpb=\toks44
\gls@tmplen=\skip102
\l__glossaries_tmpa_dim=\dimen278
\l__glossaries_tmpb_dim=\dimen279
\glskeylisttok=\toks45
\glslabeltok=\toks46
\glsshorttok=\toks47
\glslongtok=\toks48

(/usr/local/texlive/2025/texmf-dist/tex/latex/glossaries/styles/glossary-hypern
av.sty
Package: glossary-hypernav 2025/08/11 v4.8 (NLCT)
)
(/usr/local/texlive/2025/texmf-dist/tex/latex/glossaries/styles/glossary-list.s
ty
Package: glossary-list 2025/08/11 v4.8 (NLCT)
\glslistdottedwidth=\skip103
)
(/usr/local/texlive/2025/texmf-dist/tex/latex/glossaries/styles/glossary-long.s
ty
Package: glossary-long 2025/08/11 v4.8 (NLCT)
\glsdescwidth=\skip104
\glspagelistwidth=\skip105
)
(/usr/local/texlive/2025/texmf-dist/tex/latex/glossaries/styles/glossary-super.
sty
Package: glossary-super 2025/08/11 v4.8 (NLCT)
 (/usr/local/texlive/2025/texmf-dist/tex/latex/supertabular/supertabular.sty
Package: supertabular 2024/07/20 v4.2c the supertabular environment
\c@tracingst=\count504
\ST@wd=\dimen280
\ST@rightskip=\skip106
\ST@leftskip=\skip107
\ST@parfillskip=\skip108
\ST@pageleft=\dimen281
\ST@headht=\dimen282
\ST@tailht=\dimen283
\ST@pagesofar=\dimen284
\ST@pboxht=\dimen285
\ST@rowht=\dimen286
\ST@prevht=\dimen287
\ST@toadd=\dimen288
\ST@dimen=\dimen289
\ST@pbox=\box72
))
(/usr/local/texlive/2025/texmf-dist/tex/latex/glossaries/styles/glossary-tree.s
ty
Package: glossary-tree 2025/08/11 v4.8 (NLCT)
\l__glossaries_tree_max_known_level_int=\count505
\l__glossaries_tree_offset_dim=\dimen290
\l__glossaries_tree_namewidth_dim=\dimen291
\l__glossaries_tree_symbolwidth_dim=\dimen292
\l__glossaries_tree_prenamesym_width_dim=\dimen293
\l__glossaries_tree_presubnamesym_width_dim=\dimen294
\l__glossaries_tree_namewidth_padding_dim=\dimen295
\l__glossaries_tree_symbolwidth_padding_dim=\dimen296
\l__glossaries_tree_namesymbolwidth_dim=\dimen297
\l__glossaries_tree_namesymbolwidth_padding_dim=\dimen298
\l__glossaries_tree_level_int=\count506
\glstreeindent=\skip109
))
\glswrite=\write4
\glo@main@file=\write5
\openout5 = `document_maitre.glo'.

Package glossaries Info: Writing glossary file document_maitre.glo on input lin
e 130.
 (./annexes/glossaire.tex)
Package csquotes Info: Checking for multilingual support...
Package csquotes Info: ... found 'polyglossia' package.
Package csquotes Info: Adjusting default style.
Package csquotes Info: Redefining alias 'default' -> 'french'.
 (./document_maitre.aux)
\openout1 = `document_maitre.aux'.

LaTeX Font Info:    Checking defaults for OML/cmm/m/it on input line 165.
LaTeX Font Info:    ... okay on input line 165.
LaTeX Font Info:    Checking defaults for OMS/cmsy/m/n on input line 165.
LaTeX Font Info:    ... okay on input line 165.
LaTeX Font Info:    Checking defaults for OT1/cmr/m/n on input line 165.
LaTeX Font Info:    ... okay on input line 165.
LaTeX Font Info:    Checking defaults for T1/cmr/m/n on input line 165.
LaTeX Font Info:    ... okay on input line 165.
LaTeX Font Info:    Checking defaults for TS1/cmr/m/n on input line 165.
LaTeX Font Info:    ... okay on input line 165.
LaTeX Font Info:    Checking defaults for TU/lmr/m/n on input line 165.
LaTeX Font Info:    ... okay on input line 165.
LaTeX Font Info:    Checking defaults for OMX/cmex/m/n on input line 165.
LaTeX Font Info:    ... okay on input line 165.
LaTeX Font Info:    Checking defaults for U/cmr/m/n on input line 165.
LaTeX Font Info:    ... okay on input line 165.
LaTeX Font Info:    Checking defaults for T3/cmr/m/n on input line 165.
LaTeX Font Info:    Trying to load font information for T3+cmr on input line 16
5.

(/usr/local/texlive/2025/texmf-dist/tex/latex/tipa/t3cmr.fd
File: t3cmr.fd 2001/12/31 TIPA font definitions
)
LaTeX Font Info:    ... okay on input line 165.
LaTeX Font Info:    Checking defaults for PD1/pdf/m/n on input line 165.
LaTeX Font Info:    ... okay on input line 165.
LaTeX Font Info:    Checking defaults for PU/pdf/m/n on input line 165.
LaTeX Font Info:    ... okay on input line 165.

Package fontspec Info: 
(fontspec)             Adjusting the maths setup (use [no-math] to avoid
(fontspec)             this).

\symlegacymaths=\mathgroup4
LaTeX Font Info:    Overwriting symbol font `legacymaths' in version `bold'
(Font)                  OT1/cmr/m/n --> OT1/cmr/bx/n on input line 165.
LaTeX Font Info:    Redeclaring math accent \acute on input line 165.
LaTeX Font Info:    Redeclaring math accent \grave on input line 165.
LaTeX Font Info:    Redeclaring math accent \ddot on input line 165.
LaTeX Font Info:    Redeclaring math accent \tilde on input line 165.
LaTeX Font Info:    Redeclaring math accent \bar on input line 165.
LaTeX Font Info:    Redeclaring math accent \breve on input line 165.
LaTeX Font Info:    Redeclaring math accent \check on input line 165.
LaTeX Font Info:    Redeclaring math accent \hat on input line 165.
LaTeX Font Info:    Redeclaring math accent \dot on input line 165.
LaTeX Font Info:    Redeclaring math accent \mathring on input line 165.
LaTeX Font Info:    Redeclaring math symbol \Gamma on input line 165.
LaTeX Font Info:    Redeclaring math symbol \Delta on input line 165.
LaTeX Font Info:    Redeclaring math symbol \Theta on input line 165.
LaTeX Font Info:    Redeclaring math symbol \Lambda on input line 165.
LaTeX Font Info:    Redeclaring math symbol \Xi on input line 165.
LaTeX Font Info:    Redeclaring math symbol \Pi on input line 165.
LaTeX Font Info:    Redeclaring math symbol \Sigma on input line 165.
LaTeX Font Info:    Redeclaring math symbol \Upsilon on input line 165.
LaTeX Font Info:    Redeclaring math symbol \Phi on input line 165.
LaTeX Font Info:    Redeclaring math symbol \Psi on input line 165.
LaTeX Font Info:    Redeclaring math symbol \Omega on input line 165.
LaTeX Font Info:    Redeclaring math symbol \mathdollar on input line 165.
LaTeX Font Info:    Redeclaring symbol font `operators' on input line 165.
LaTeX Font Info:    Encoding `OT1' has changed to `TU' for symbol font
(Font)              `operators' in the math version `normal' on input line 165.

LaTeX Font Info:    Overwriting symbol font `operators' in version `normal'
(Font)                  OT1/cmr/m/n --> TU/lmr/m/n on input line 165.
LaTeX Font Info:    Encoding `OT1' has changed to `TU' for symbol font
(Font)              `operators' in the math version `bold' on input line 165.
LaTeX Font Info:    Overwriting symbol font `operators' in version `bold'
(Font)                  OT1/cmr/bx/n --> TU/lmr/m/n on input line 165.
LaTeX Font Info:    Overwriting symbol font `operators' in version `normal'
(Font)                  TU/lmr/m/n --> TU/lmr/m/n on input line 165.
LaTeX Font Info:    Overwriting math alphabet `\mathit' in version `normal'
(Font)                  OT1/cmr/m/it --> TU/lmr/m/it on input line 165.
LaTeX Font Info:    Overwriting math alphabet `\mathbf' in version `normal'
(Font)                  OT1/cmr/bx/n --> TU/lmr/b/n on input line 165.
LaTeX Font Info:    Overwriting math alphabet `\mathsf' in version `normal'
(Font)                  OT1/cmss/m/n --> TU/lmss/m/n on input line 165.
LaTeX Font Info:    Overwriting math alphabet `\mathtt' in version `normal'
(Font)                  OT1/cmtt/m/n --> TU/lmtt/m/n on input line 165.
LaTeX Font Info:    Overwriting symbol font `operators' in version `bold'
(Font)                  TU/lmr/m/n --> TU/lmr/b/n on input line 165.
LaTeX Font Info:    Overwriting math alphabet `\mathit' in version `bold'
(Font)                  OT1/cmr/bx/it --> TU/lmr/b/it on input line 165.
LaTeX Font Info:    Overwriting math alphabet `\mathsf' in version `bold'
(Font)                  OT1/cmss/bx/n --> TU/lmss/b/n on input line 165.
LaTeX Font Info:    Overwriting math alphabet `\mathtt' in version `bold'
(Font)                  OT1/cmtt/m/n --> TU/lmtt/b/n on input line 165.
Package biblatex Info: Trying to load language 'french'...
Package biblatex Info: ... file 'french.lbx' found.

(/usr/local/texlive/2025/texmf-dist/tex/latex/biblatex/lbx/french.lbx
File: french.lbx 2025/07/10 v3.21 biblatex localization (PK/MW)
)
Package biblatex Info: XeTeX detected.
(biblatex)             Assuming input encoding 'utf8'.
Package biblatex Info: Automatic encoding selection.
(biblatex)             Assuming data encoding 'utf8'.
\openout3 = `document_maitre.bcf'.

Package biblatex Info: Trying to load bibliographic data...
Package biblatex Info: ... file 'document_maitre.bbl' found.

(./document_maitre.bbl)
Package biblatex Info: Reference section=0 on input line 165.
Package biblatex Info: Reference segment=0 on input line 165.
Package caption Info: Begin \AtBeginDocument code.
Package caption Info: hyperref package is loaded.
Package caption Info: longtable package is loaded.

(/usr/local/texlive/2025/texmf-dist/tex/latex/caption/ltcaption.sty
Package: ltcaption 2021/01/08 v1.4c longtable captions (AR)
)
Package caption Info: supertabular package is loaded.
Package caption Info: End \AtBeginDocument code.

(/usr/local/texlive/2025/texmf-dist/tex/latex/pdflscape/pdflscape.sty
Package: pdflscape 2025-06-23 v0.14 Display of landscape pages in PDF

(/usr/local/texlive/2025/texmf-dist/tex/latex/pdflscape/pdflscape-nometadata.st
y
Package: pdflscape-nometadata 2025-06-23 v0.14 Display of landscape pages in PD
F (HO)
 (/usr/local/texlive/2025/texmf-dist/tex/latex/graphics/lscape.sty
Package: lscape 2020/05/28 v3.02 Landscape Pages (DPC)
)
Package pdflscape Info: Auto-detected driver: dvipdfm (xetex) on input line 98.

))
*geometry* driver: auto-detecting
*geometry* detected driver: xetex
*geometry* verbose mode - [ preamble ] result:
* driver: xetex
* paper: <default>
* layout: <same size as paper>
* layoutoffset:(h,v)=(0.0pt,0.0pt)
* modes: twoside 
* h-part:(L,W,R)=(71.13188pt, 472.03123pt, 71.13188pt)
* v-part:(T,H,B)=(71.13188pt, 652.70622pt, 71.13188pt)
* \paperwidth=614.295pt
* \paperheight=794.96999pt
* \textwidth=472.03123pt
* \textheight=652.70622pt
* \oddsidemargin=-1.1381pt
* \evensidemargin=-1.1381pt
* \topmargin=-33.0119pt
* \headheight=16.0pt
* \headsep=19.8738pt
* \topskip=12.0pt
* \footskip=30.0pt
* \marginparwidth=98.0pt
* \marginparsep=7.0pt
* \columnsep=10.0pt
* \skip\footins=10.8pt plus 4.0pt minus 2.0pt
* \hoffset=0.0pt
* \voffset=0.0pt
* \mag=1000
* \@twocolumnfalse
* \@twosidetrue
* \@mparswitchtrue
* \@reversemarginfalse
* (1in=72.27pt=25.4mm, 1cm=28.453pt)

Package hyperref Info: Link coloring ON on input line 165.


[1

\openout4 = `document_maitre.ist'.


]

[2

]
Underfull \hbox (badness 10000) in paragraph at lines 226--227

 []


Underfull \hbox (badness 10000) in paragraph at lines 228--229

 []



[1


]

[2

]
Package lettrine.sty Info: Targeted height = 24.16246pt
(lettrine.sty)             (for loversize=0, accent excluded),
(lettrine.sty)             Lettrine height = 24.05629pt (T);
(lettrine.sty)             reported on input line 238.


[3

]

[4

]

[5

]

[6]
Overfull \hbox (36.68819pt too wide) in paragraph at lines 256--256
[][][][][][][] [][] [][][][][][][][][][][][][][] [] [][][][][][][][][][][][] []
 [][][][][][][][][] [][] [][][][][][] [][] [][][][][][][][][][] [][] [][][][][]
[][][][][][][][][] [][]
 []



[7]
Overfull \hbox (0.7974pt too wide) in paragraph at lines 260--260
\TU/lmr/m/n/12 févr. 1959, \TU/lmr/m/sc/12 url \TU/lmr/m/n/12 : [][]$[][][][][]
 [] [] [] [][][] [] [][][][][][][][][][] [] [][][][] [] [][] [] [][][][] [] [][
] [] [][][][][][][][][][][][][][][][][][][][] []
 []



[8]

LaTeX Warning: Empty bibliography on input line 264.



[9]

[10

] (./introduction/introduction.tex

[11

]

[12])

[13]

[14

]

[1


] (./partie2/introduction2.tex)

[2]
Chapitre 1.
(./partie2/chapitre1/1_grand_public.tex

[3

]
File: ./illustrations/inafr.png Graphic file (type bmp)
<./illustrations/inafr.png>

Underfull \vbox (badness 10000) has occurred while \output is active []



[4]
File: ./illustrations/insta_an.png Graphic file (type bmp)
<./illustrations/insta_an.png>
File: ./illustrations/insta_gallica.png Graphic file (type bmp)
<./illustrations/insta_gallica.png>
File: ./illustrations/insta_louvre.png Graphic file (type bmp)
<./illustrations/insta_louvre.png>
File: illustrations/insta_ina.png Graphic file (type bmp)
<illustrations/insta_ina.png>


[5]) (./partie2/chapitre1/2_chercheurs.tex

[6]

[7]

[8]
Underfull \vbox (badness 10000) has occurred while \output is active []



[9]) (./partie2/chapitre1/3_internes.tex

[10]

[11]) (./partie2/chapitre1/4_professionnels.tex
Underfull \vbox (badness 10000) has occurred while \output is active []



[12]
File: ./illustrations/inamediapro.png Graphic file (type bmp)
<./illustrations/inamediapro.png>

Underfull \vbox (badness 10000) has occurred while \output is active []



[13]

[14])

[15]
Chapitre 2.
(./partie2/chapitre2/2_perimetres.tex

[16

]) (./partie2/chapitre2/4_qualite.tex)
(./partie2/chapitre2/1_consommation_donnees.tex


Package fancyhdr Warning: \headheight is too small (16.0pt): 
(fancyhdr)                Make it at least 25.66978pt, for example:
(fancyhdr)                \setlength{\headheight}{25.66978pt}.
(fancyhdr)                You might also make \topmargin smaller:
(fancyhdr)                \addtolength{\topmargin}{-9.66978pt}.

[17])


Package fancyhdr Warning: \headheight is too small (16.0pt): 
(fancyhdr)                Make it at least 25.66978pt, for example:
(fancyhdr)                \setlength{\headheight}{25.66978pt}.
(fancyhdr)                You might also make \topmargin smaller:
(fancyhdr)                \addtolength{\topmargin}{-9.66978pt}.

[18]


Package fancyhdr Warning: \headheight is too small (16.0pt): 
(fancyhdr)                Make it at least 25.66978pt, for example:
(fancyhdr)                \setlength{\headheight}{25.66978pt}.
(fancyhdr)                You might also make \topmargin smaller:
(fancyhdr)                \addtolength{\topmargin}{-9.66978pt}.

[19] (./partie2/conclusion2.tex)

[20

]

[21

] (./partie1/introduction1.tex)

[22]
Chapitre 3.
(./partie1/chapitre1/1_mise_en_place_contexte_legal.tex

[23

]
Missing character: There is no   (U+202F) in font [lmroman12-regular]:mapping=t
ex-text;!
Missing character: There is no   (U+202F) in font [lmroman12-regular]:mapping=t
ex-text;!
Missing character: There is no   (U+202F) in font [lmroman12-regular]:mapping=t
ex-text;!
Missing character: There is no   (U+202F) in font [lmroman12-regular]:mapping=t
ex-text;!
Missing character: There is no   (U+202F) in font [lmroman12-regular]:mapping=t
ex-text;!
Missing character: There is no   (U+202F) in font [lmroman12-regular]:mapping=t
ex-text;!


[24]
Missing character: There is no   (U+202F) in font [lmroman12-regular]:mapping=t
ex-text;!
Missing character: There is no   (U+202F) in font [lmroman12-regular]:mapping=t
ex-text;!
Missing character: There is no   (U+202F) in font [lmroman12-regular]:mapping=t
ex-text;!
Missing character: There is no   (U+202F) in font [lmroman12-regular]:mapping=t
ex-text;!
Missing character: There is no   (U+202F) in font [lmroman12-regular]:mapping=t
ex-text;!
Missing character: There is no   (U+202F) in font [lmroman12-regular]:mapping=t
ex-text;!


[25]

[26]
Underfull \vbox (badness 10000) has occurred while \output is active []



[27]) (./partie1/chapitre1/2_delimitation_conservation.tex

[28]

[29]
File: ./illustrations/notice_turquie_papier.jpg Graphic file (type bmp)
<./illustrations/notice_turquie_papier.jpg>
File: ./illustrations/tiroir_bry.jpg Graphic file (type bmp)
<./illustrations/tiroir_bry.jpg>

Underfull \vbox (badness 10000) has occurred while \output is active []



[30]
Underfull \vbox (badness 10000) has occurred while \output is active []



[31]
Underfull \hbox (badness 1910) in paragraph at lines 41--41
\TU/lmr/m/n/12 aux imports  : le \TU/lmr/bx/n/12 titre\TU/lmr/m/n/12 ,
 []


Underfull \hbox (badness 3849) in paragraph at lines 41--41
\TU/lmr/m/n/12 le \TU/lmr/bx/n/12 générique \TU/lmr/m/n/12 (Personnes
 []


Underfull \hbox (badness 10000) in paragraph at lines 47--47
[]|\TU/lmr/m/n/12 Catalogage
 []


Underfull \hbox (badness 6608) in paragraph at lines 48--48
[]|\TU/lmr/m/n/12 Mêmes informations que
 []


Underfull \hbox (badness 10000) in paragraph at lines 54--54
[]|\TU/lmr/m/n/12 Catalogage
 []


Underfull \hbox (badness 1810) in paragraph at lines 54--54
\TU/lmr/m/n/12 avec descrip-
 []


Underfull \hbox (badness 10000) in paragraph at lines 61--61
[]|\TU/lmr/m/n/12 Catalogage
 []


Underfull \hbox (badness 3954) in paragraph at lines 62--62
[]|\TU/lmr/m/n/12 Ajoute un « chapeau »,
 []


Underfull \hbox (badness 5563) in paragraph at lines 62--62
\TU/lmr/m/n/12 résumant le contenu de
 []


Underfull \hbox (badness 10000) in paragraph at lines 62--62
\TU/lmr/m/n/12 l’émission et le type
 []


Underfull \hbox (badness 10000) in paragraph at lines 68--68
[]|\TU/lmr/m/n/12 Catalogage
 []


Underfull \hbox (badness 3078) in paragraph at lines 69--69
\TU/lmr/m/n/12 cipales séquences et une
 []


Underfull \hbox (badness 3323) in paragraph at lines 76--78
[]|\TU/lmr/m/n/12 Propose un résumé plus
 []



[32] [33])

[34] (./partie1/chapitre1/3_impacts_institutionnels.tex
Underfull \vbox (badness 1571) has occurred while \output is active []



[35]

[36])

[37] (./partie1/chapitre1/4_impacts_economiques.tex

[38]

[39])

[40]
Chapitre 4.
(./partie1/chapitre2/1_debuts_informatisation.tex

[41

]

[42]

[43]

[44]

[45]) (./partie1/chapitre2/2_deux_logiciels.tex

[46]
Underfull \vbox (badness 3098) has occurred while \output is active []



[47]) (./partie1/chapitre2/3_massification.tex

[48]

[49]) (./partie1/chapitre2/4_impact_IA.tex
File: ./illustrations/dataina.png Graphic file (type bmp)
<./illustrations/dataina.png>

Underfull \vbox (badness 10000) has occurred while \output is active []



[50]
Underfull \vbox (badness 10000) has occurred while \output is active []



[51]

[52]
Underfull \vbox (badness 1609) has occurred while \output is active []



[53])
Underfull \vbox (badness 1067) has occurred while \output is active []



[54]

[55] (./partie1/conclusion1.tex
Underfull \vbox (badness 3302) has occurred while \output is active []



[56

])

[57]

[58

] (./partie3/introduction3.tex)

[59]
Chapitre 5.
(./partie3/chapitre1/1_cartographie.tex
Underfull \hbox (badness 1189) in paragraph at lines 6--6
[][][][][][][][][][][][][][] [] [][][][][][][][][][][][] [] [][][][][][][][][] 
[][] [][][][][][] [][] [][][][][][][][][][] [][] [][][][][][][][][][][][][][] [
][] [][][][][][][][] [][]
 []



[60

]

[61]
File: ./illustrations/NYPL_graph.png Graphic file (type bmp)
<./illustrations/NYPL_graph.png>


[62]
File: ./illustrations/graph_ina_tout.png Graphic file (type bmp)
<./illustrations/graph_ina_tout.png>


[63]
File: ./illustrations/traitement_FR2.png Graphic file (type bmp)
<./illustrations/traitement_FR2.png>

Underfull \vbox (badness 10000) has occurred while \output is active []



[64]
File: ./illustrations/graph_ina_programme.png Graphic file (type bmp)
<./illustrations/graph_ina_programme.png>

Underfull \vbox (badness 10000) has occurred while \output is active []



[65]
File: ./illustrations/graph_ina_genre.png Graphic file (type bmp)
<./illustrations/graph_ina_genre.png>
) (./partie3/chapitre1/2_explication.tex

[66])
Underfull \vbox (badness 7256) has occurred while \output is active []



[67]

[68]
Chapitre 6.
(./partie3/chapitre2/1_experience_utilisateur.tex

[69

]
File: ./illustrations/graph_FR2_2.png Graphic file (type bmp)
<./illustrations/graph_FR2_2.png>

Underfull \vbox (badness 10000) has occurred while \output is active []



[70]

[71]) (./partie3/chapitre2/2_personnalisation.tex

Package hyperref Warning: Token not allowed in a PDF string (Unicode):
(hyperref)                removing `\gls' on input line 3.



[72]) (./partie3/chapitre2/3_futur.tex

[73]

[74])

[75] (./partie3/conclusion3.tex)

[76

] (./introduction/conclusion.tex)

[77

]

[78

]
Annexe A.
(./annexes/transcriptions.tex
Underfull \hbox (badness 10000) in paragraph at lines 1--2

 []



[79

]
Missing character: There is no   (U+202F) in font [lmroman12-bold]:mapping=tex-
text;!
Missing character: There is no   (U+202F) in font [lmroman12-regular]:mapping=t
ex-text;!
Missing character: There is no   (U+202F) in font [lmroman12-regular]:mapping=t
ex-text;!


[80]
Missing character: There is no   (U+202F) in font [lmroman12-bold]:mapping=tex-
text;!
Missing character: There is no   (U+202F) in font [lmroman12-regular]:mapping=t
ex-text;!
Missing character: There is no   (U+202F) in font [lmroman12-bold]:mapping=tex-
text;!
Missing character: There is no   (U+202F) in font [lmroman12-regular]:mapping=t
ex-text;!
Missing character: There is no   (U+202F) in font [lmroman12-regular]:mapping=t
ex-text;!
Missing character: There is no   (U+202F) in font [lmroman12-regular]:mapping=t
ex-text;!
Missing character: There is no   (U+202F) in font [lmroman12-regular]:mapping=t
ex-text;!
Missing character: There is no   (U+202F) in font [lmroman12-bold]:mapping=tex-
text;!
Missing character: There is no   (U+202F) in font [lmroman12-bold]:mapping=tex-
text;!
Missing character: There is no   (U+202F) in font [lmroman12-bold]:mapping=tex-
text;!


[81]
Missing character: There is no   (U+202F) in font [lmroman12-bold]:mapping=tex-
text;!
Missing character: There is no   (U+202F) in font [lmroman12-bold]:mapping=tex-
text;!
Missing character: There is no   (U+202F) in font [lmroman12-regular]:mapping=t
ex-text;!
Missing character: There is no   (U+202F) in font [lmroman12-bold]:mapping=tex-
text;!
Missing character: There is no   (U+202F) in font [lmroman12-bold]:mapping=tex-
text;!

Underfull \vbox (badness 2020) has occurred while \output is active []



[82]
Missing character: There is no   (U+202F) in font [lmroman12-bold]:mapping=tex-
text;!
Missing character: There is no   (U+202F) in font [lmroman12-bold]:mapping=tex-
text;!
Missing character: There is no   (U+202F) in font [lmroman12-regular]:mapping=t
ex-text;!
Missing character: There is no   (U+202F) in font [lmroman12-regular]:mapping=t
ex-text;!
Missing character: There is no   (U+202F) in font [lmroman12-bold]:mapping=tex-
text;!
Missing character: There is no   (U+202F) in font [lmroman12-regular]:mapping=t
ex-text;!
Missing character: There is no   (U+202F) in font [lmroman12-bold]:mapping=tex-
text;!
Missing character: There is no   (U+202F) in font [lmroman12-bold]:mapping=tex-
text;!

Underfull \vbox (badness 1033) has occurred while \output is active []



[83]
Missing character: There is no   (U+202F) in font [lmroman12-bold]:mapping=tex-
text;!
Missing character: There is no   (U+202F) in font [lmroman12-bold]:mapping=tex-
text;!
Missing character: There is no   (U+202F) in font [lmroman12-regular]:mapping=t
ex-text;!
Missing character: There is no   (U+202F) in font [lmroman12-bold]:mapping=tex-
text;!
Missing character: There is no   (U+202F) in font [lmroman12-bold]:mapping=tex-
text;!
Missing character: There is no   (U+202F) in font [lmroman12-bold]:mapping=tex-
text;!
Missing character: There is no   (U+202F) in font [lmroman12-bold]:mapping=tex-
text;!
Missing character: There is no   (U+202F) in font [lmroman12-regular]:mapping=t
ex-text;!
Missing character: There is no   (U+202F) in font [lmroman12-bold]:mapping=tex-
text;!


[84]
Missing character: There is no   (U+202F) in font [lmroman12-bold]:mapping=tex-
text;!
Missing character: There is no   (U+202F) in font [lmroman12-regular]:mapping=t
ex-text;!
Missing character: There is no   (U+202F) in font [lmroman12-bold]:mapping=tex-
text;!

Underfull \vbox (badness 10000) has occurred while \output is active []



[85]
Missing character: There is no   (U+202F) in font [lmroman12-bold]:mapping=tex-
text;!
Missing character: There is no   (U+202F) in font [lmroman12-regular]:mapping=t
ex-text;!
Missing character: There is no   (U+202F) in font [lmroman12-bold]:mapping=tex-
text;!

Underfull \vbox (badness 10000) has occurred while \output is active []



[86]
Missing character: There is no   (U+202F) in font [lmroman12-bold]:mapping=tex-
text;!
Missing character: There is no   (U+202F) in font [lmroman12-regular]:mapping=t
ex-text;!
Missing character: There is no   (U+202F) in font [lmroman12-bold]:mapping=tex-
text;!
Missing character: There is no   (U+202F) in font [lmroman12-bold]:mapping=tex-
text;!
Missing character: There is no   (U+202F) in font [lmroman12-bold]:mapping=tex-
text;!
Missing character: There is no   (U+202F) in font [lmroman12-bold]:mapping=tex-
text;!
Missing character: There is no   (U+202F) in font [lmroman12-bold]:mapping=tex-
text;!
Missing character: There is no   (U+202F) in font [lmroman12-bold]:mapping=tex-
text;!
Missing character: There is no   (U+202F) in font [lmroman12-bold]:mapping=tex-
text;!
Missing character: There is no   (U+202F) in font [lmroman12-regular]:mapping=t
ex-text;!
Missing character: There is no   (U+202F) in font [lmroman12-regular]:mapping=t
ex-text;!
Missing character: There is no   (U+202F) in font [lmroman12-regular]:mapping=t
ex-text;!
Missing character: There is no   (U+202F) in font [lmroman12-regular]:mapping=t
ex-text;!
Missing character: There is no   (U+202F) in font [lmroman12-regular]:mapping=t
ex-text;!
Missing character: There is no   (U+202F) in font [lmroman12-regular]:mapping=t
ex-text;!
Missing character: There is no   (U+202F) in font [lmroman12-regular]:mapping=t
ex-text;!
Missing character: There is no   (U+202F) in font [lmroman12-regular]:mapping=t
ex-text;!
Missing character: There is no   (U+202F) in font [lmroman12-regular]:mapping=t
ex-text;!


[87]
Underfull \vbox (badness 10000) has occurred while \output is active []



[88]
Missing character: There is no   (U+202F) in font [lmroman12-bold]:mapping=tex-
text;!
Missing character: There is no   (U+202F) in font [lmroman12-bold]:mapping=tex-
text;!
Missing character: There is no   (U+202F) in font [lmroman12-bold]:mapping=tex-
text;!
Missing character: There is no   (U+202F) in font [lmroman12-bold]:mapping=tex-
text;!
Missing character: There is no   (U+202F) in font [lmroman12-bold]:mapping=tex-
text;!
Missing character: There is no   (U+202F) in font [lmroman12-bold]:mapping=tex-
text;!
Missing character: There is no   (U+202F) in font [lmroman12-regular]:mapping=t
ex-text;!
Missing character: There is no   (U+202F) in font [lmroman12-regular]:mapping=t
ex-text;!
Missing character: There is no   (U+202F) in font [lmroman12-regular]:mapping=t
ex-text;!


[89]
Missing character: There is no   (U+202F) in font [lmroman12-bold]:mapping=tex-
text;!
Missing character: There is no   (U+202F) in font [lmroman12-bold]:mapping=tex-
text;!
Missing character: There is no   (U+202F) in font [lmroman12-regular]:mapping=t
ex-text;!
Missing character: There is no   (U+202F) in font [lmroman12-regular]:mapping=t
ex-text;!
Missing character: There is no   (U+202F) in font [lmroman12-regular]:mapping=t
ex-text;!
Missing character: There is no   (U+202F) in font [lmroman12-regular]:mapping=t
ex-text;!
Missing character: There is no   (U+202F) in font [lmroman12-regular]:mapping=t
ex-text;!
Missing character: There is no   (U+202F) in font [lmroman12-bold]:mapping=tex-
text;!
Missing character: There is no   (U+202F) in font [lmroman12-bold]:mapping=tex-
text;!


[90]
Missing character: There is no   (U+202F) in font [lmroman12-bold]:mapping=tex-
text;!
Missing character: There is no   (U+202F) in font [lmroman12-bold]:mapping=tex-
text;!

Underfull \vbox (badness 10000) has occurred while \output is active []



[91]
Missing character: There is no   (U+202F) in font [lmroman12-bold]:mapping=tex-
text;!
Missing character: There is no   (U+202F) in font [lmroman12-bold]:mapping=tex-
text;!
Missing character: There is no   (U+202F) in font [lmroman12-bold]:mapping=tex-
text;!
Missing character: There is no   (U+202F) in font [lmroman12-bold]:mapping=tex-
text;!

Underfull \vbox (badness 2020) has occurred while \output is active []



[92]
Missing character: There is no   (U+202F) in font [lmroman12-bold]:mapping=tex-
text;!

Underfull \vbox (badness 10000) has occurred while \output is active []



[93]

[94]
Missing character: There is no   (U+202F) in font [lmroman12-bold]:mapping=tex-
text;!
Missing character: There is no   (U+202F) in font [lmroman12-bold]:mapping=tex-
text;!
Missing character: There is no   (U+202F) in font [lmroman12-bold]:mapping=tex-
text;!
Missing character: There is no   (U+202F) in font [lmroman12-bold]:mapping=tex-
text;!

Underfull \vbox (badness 2020) has occurred while \output is active []



[95]
Missing character: There is no   (U+202F) in font [lmroman12-bold]:mapping=tex-
text;!
Missing character: There is no   (U+202F) in font [lmroman12-bold]:mapping=tex-
text;!
Missing character: There is no   (U+202F) in font [lmroman12-bold]:mapping=tex-
text;!
Missing character: There is no   (U+202F) in font [lmroman12-bold]:mapping=tex-
text;!
Missing character: There is no   (U+202F) in font [lmroman12-bold]:mapping=tex-
text;!
Missing character: There is no   (U+202F) in font [lmroman12-bold]:mapping=tex-
text;!
Missing character: There is no   (U+202F) in font [lmroman12-regular]:mapping=t
ex-text;!
Missing character: There is no   (U+202F) in font [lmroman12-regular]:mapping=t
ex-text;!
Missing character: There is no   (U+202F) in font [lmroman12-bold]:mapping=tex-
text;!
Missing character: There is no   (U+202F) in font [lmroman12-bold]:mapping=tex-
text;!


[96]
Missing character: There is no   (U+202F) in font [lmroman12-bold]:mapping=tex-
text;!
Missing character: There is no   (U+202F) in font [lmroman12-regular]:mapping=t
ex-text;!
Missing character: There is no   (U+202F) in font [lmroman12-bold]:mapping=tex-
text;!
Missing character: There is no   (U+202F) in font [lmroman12-bold]:mapping=tex-
text;!
Missing character: There is no   (U+202F) in font [lmroman12-regular]:mapping=t
ex-text;!
Missing character: There is no   (U+202F) in font [lmroman12-bold]:mapping=tex-
text;!

Underfull \vbox (badness 2020) has occurred while \output is active []



[97]
Missing character: There is no   (U+202F) in font [lmroman12-bold]:mapping=tex-
text;!
Missing character: There is no   (U+202F) in font [lmroman12-regular]:mapping=t
ex-text;!
Missing character: There is no   (U+202F) in font [lmroman12-bold]:mapping=tex-
text;!
Missing character: There is no   (U+202F) in font [lmroman12-regular]:mapping=t
ex-text;!
Missing character: There is no   (U+202F) in font [lmroman12-bold]:mapping=tex-
text;!
Missing character: There is no   (U+202F) in font [lmroman12-bold]:mapping=tex-
text;!

Underfull \vbox (badness 2020) has occurred while \output is active []



[98]
Missing character: There is no   (U+202F) in font [lmroman12-bold]:mapping=tex-
text;!
Missing character: There is no   (U+202F) in font [lmroman12-bold]:mapping=tex-
text;!
Missing character: There is no   (U+202F) in font [lmroman12-bold]:mapping=tex-
text;!


[99]
Missing character: There is no   (U+202F) in font [lmroman12-bold]:mapping=tex-
text;!
Missing character: There is no   (U+202F) in font [lmroman12-bold]:mapping=tex-
text;!
Missing character: There is no   (U+202F) in font [lmroman12-bold]:mapping=tex-
text;!
Missing character: There is no   (U+202F) in font [lmroman12-bold]:mapping=tex-
text;!

Underfull \vbox (badness 4792) has occurred while \output is active []



[100]
Missing character: There is no   (U+202F) in font [lmroman12-bold]:mapping=tex-
text;!
Missing character: There is no   (U+202F) in font [lmroman12-bold]:mapping=tex-
text;!
Missing character: There is no   (U+202F) in font [lmroman12-bold]:mapping=tex-
text;!
Missing character: There is no   (U+202F) in font [lmroman12-bold]:mapping=tex-
text;!
Missing character: There is no   (U+202F) in font [lmroman12-bold]:mapping=tex-
text;!
Missing character: There is no   (U+202F) in font [lmroman12-bold]:mapping=tex-
text;!
Missing character: There is no   (U+202F) in font [lmroman12-bold]:mapping=tex-
text;!
Missing character: There is no   (U+202F) in font [lmroman12-bold]:mapping=tex-
text;!


[101]
Missing character: There is no   (U+202F) in font [lmroman12-bold]:mapping=tex-
text;!
Missing character: There is no   (U+202F) in font [lmroman12-bold]:mapping=tex-
text;!
Missing character: There is no   (U+202F) in font [lmroman12-bold]:mapping=tex-
text;!
Missing character: There is no   (U+202F) in font [lmroman12-bold]:mapping=tex-
text;!
Missing character: There is no   (U+202F) in font [lmroman12-bold]:mapping=tex-
text;!
Missing character: There is no   (U+202F) in font [lmroman12-regular]:mapping=t
ex-text;!
Missing character: There is no   (U+202F) in font [lmroman12-bold]:mapping=tex-
text;!
Missing character: There is no   (U+202F) in font [lmroman12-regular]:mapping=t
ex-text;!
Missing character: There is no   (U+202F) in font [lmroman12-regular]:mapping=t
ex-text;!


[102]
Missing character: There is no   (U+202F) in font [lmroman12-bold]:mapping=tex-
text;!
Missing character: There is no   (U+202F) in font [lmroman12-bold]:mapping=tex-
text;!
Missing character: There is no   (U+202F) in font [lmroman12-regular]:mapping=t
ex-text;!
Missing character: There is no   (U+202F) in font [lmroman12-regular]:mapping=t
ex-text;!
Missing character: There is no   (U+202F) in font [lmroman12-bold]:mapping=tex-
text;!
Missing character: There is no   (U+202F) in font [lmroman12-bold]:mapping=tex-
text;!
Missing character: There is no   (U+202F) in font [lmroman12-regular]:mapping=t
ex-text;!
Missing character: There is no   (U+202F) in font [lmroman12-regular]:mapping=t
ex-text;!
Missing character: There is no   (U+202F) in font [lmroman12-regular]:mapping=t
ex-text;!
Missing character: There is no   (U+202F) in font [lmroman12-regular]:mapping=t
ex-text;!
Missing character: There is no   (U+202F) in font [lmroman12-regular]:mapping=t
ex-text;!
Missing character: There is no   (U+202F) in font [lmroman12-regular]:mapping=t
ex-text;!
Missing character: There is no   (U+202F) in font [lmroman12-regular]:mapping=t
ex-text;!
Missing character: There is no   (U+202F) in font [lmroman12-regular]:mapping=t
ex-text;!
Missing character: There is no   (U+202F) in font [lmroman12-regular]:mapping=t
ex-text;!
Missing character: There is no   (U+202F) in font [lmroman12-regular]:mapping=t
ex-text;!
Missing character: There is no   (U+202F) in font [lmroman12-bold]:mapping=tex-
text;!
Missing character: There is no   (U+202F) in font [lmroman12-regular]:mapping=t
ex-text;!
Missing character: There is no   (U+202F) in font [lmroman12-bold]:mapping=tex-
text;!


[103]
Missing character: There is no   (U+202F) in font [lmroman12-bold]:mapping=tex-
text;!
Missing character: There is no   (U+202F) in font [lmroman12-bold]:mapping=tex-
text;!
Missing character: There is no   (U+202F) in font [lmroman12-bold]:mapping=tex-
text;!
Missing character: There is no   (U+202F) in font [lmroman12-regular]:mapping=t
ex-text;!
Missing character: There is no   (U+202F) in font [lmroman12-bold]:mapping=tex-
text;!
Missing character: There is no   (U+202F) in font [lmroman12-bold]:mapping=tex-
text;!
Missing character: There is no   (U+202F) in font [lmroman12-regular]:mapping=t
ex-text;!
Missing character: There is no   (U+202F) in font [lmroman12-bold]:mapping=tex-
text;!


[104]
Missing character: There is no   (U+202F) in font [lmroman12-bold]:mapping=tex-
text;!
Missing character: There is no   (U+202F) in font [lmroman12-regular]:mapping=t
ex-text;!
Missing character: There is no   (U+202F) in font [lmroman12-bold]:mapping=tex-
text;!

Underfull \vbox (badness 10000) has occurred while \output is active []



[105]
Missing character: There is no   (U+202F) in font [lmroman12-bold]:mapping=tex-
text;!
Missing character: There is no   (U+202F) in font [lmroman12-bold]:mapping=tex-
text;!
Missing character: There is no   (U+202F) in font [lmroman12-bold]:mapping=tex-
text;!
Missing character: There is no   (U+202F) in font [lmroman12-bold]:mapping=tex-
text;!
Missing character: There is no   (U+202F) in font [lmroman12-bold]:mapping=tex-
text;!

Underfull \vbox (badness 2020) has occurred while \output is active []



[106]
Missing character: There is no   (U+202F) in font [lmroman12-bold]:mapping=tex-
text;!
Missing character: There is no   (U+202F) in font [lmroman12-bold]:mapping=tex-
text;!
Missing character: There is no   (U+202F) in font [lmroman12-bold]:mapping=tex-
text;!


[107]
Missing character: There is no   (U+202F) in font [lmroman12-bold]:mapping=tex-
text;!
Missing character: There is no   (U+202F) in font [lmroman12-regular]:mapping=t
ex-text;!
Missing character: There is no   (U+202F) in font [lmroman12-bold]:mapping=tex-
text;!

Underfull \vbox (badness 10000) has occurred while \output is active []



[108]
Missing character: There is no   (U+202F) in font [lmroman12-bold]:mapping=tex-
text;!
Missing character: There is no   (U+202F) in font [lmroman12-bold]:mapping=tex-
text;!
Missing character: There is no   (U+202F) in font [lmroman12-bold]:mapping=tex-
text;!
Missing character: There is no   (U+202F) in font [lmroman12-bold]:mapping=tex-
text;!
Missing character: There is no   (U+202F) in font [lmroman12-bold]:mapping=tex-
text;!
Missing character: There is no   (U+202F) in font [lmroman12-regular]:mapping=t
ex-text;!
Missing character: There is no   (U+202F) in font [lmroman12-bold]:mapping=tex-
text;!

Underfull \vbox (badness 1033) has occurred while \output is active []



[109]
Missing character: There is no   (U+202F) in font [lmroman12-bold]:mapping=tex-
text;!
Missing character: There is no   (U+202F) in font [lmroman12-bold]:mapping=tex-
text;!
Missing character: There is no   (U+202F) in font [lmroman12-regular]:mapping=t
ex-text;!
Missing character: There is no   (U+202F) in font [lmroman12-regular]:mapping=t
ex-text;!
Missing character: There is no   (U+202F) in font [lmroman12-bold]:mapping=tex-
text;!
Missing character: There is no   (U+202F) in font [lmroman12-bold]:mapping=tex-
text;!


[110]
Missing character: There is no   (U+202F) in font [lmroman12-bold]:mapping=tex-
text;!
Missing character: There is no   (U+202F) in font [lmroman12-bold]:mapping=tex-
text;!
Missing character: There is no   (U+202F) in font [lmroman12-regular]:mapping=t
ex-text;!
Missing character: There is no   (U+202F) in font [lmroman12-regular]:mapping=t
ex-text;!
Missing character: There is no   (U+202F) in font [lmroman12-bold]:mapping=tex-
text;!
Missing character: There is no   (U+202F) in font [lmroman12-bold]:mapping=tex-
text;!


[111]
Missing character: There is no   (U+202F) in font [lmroman12-bold]:mapping=tex-
text;!
Missing character: There is no   (U+202F) in font [lmroman12-bold]:mapping=tex-
text;!
Missing character: There is no   (U+202F) in font [lmroman12-bold]:mapping=tex-
text;!
Missing character: There is no   (U+202F) in font [lmroman12-regular]:mapping=t
ex-text;!
Missing character: There is no   (U+202F) in font [lmroman12-bold]:mapping=tex-
text;!

Underfull \vbox (badness 2020) has occurred while \output is active []



[112]
Underfull \vbox (badness 10000) has occurred while \output is active []



[113]
Missing character: There is no   (U+202F) in font [lmroman12-bold]:mapping=tex-
text;!
Missing character: There is no   (U+202F) in font [lmroman12-regular]:mapping=t
ex-text;!
Missing character: There is no   (U+202F) in font [lmroman12-regular]:mapping=t
ex-text;!
Missing character: There is no   (U+202F) in font [lmroman12-bold]:mapping=tex-
text;!
Missing character: There is no   (U+202F) in font [lmroman12-bold]:mapping=tex-
text;!


[114]
Missing character: There is no   (U+202F) in font [lmroman12-bold]:mapping=tex-
text;!
Missing character: There is no   (U+202F) in font [lmroman12-bold]:mapping=tex-
text;!
Missing character: There is no   (U+202F) in font [lmroman12-bold]:mapping=tex-
text;!
Missing character: There is no   (U+202F) in font [lmroman12-regular]:mapping=t
ex-text;!
Missing character: There is no   (U+202F) in font [lmroman12-bold]:mapping=tex-
text;!
Missing character: There is no   (U+202F) in font [lmroman12-bold]:mapping=tex-
text;!
Missing character: There is no   (U+202F) in font [lmroman12-bold]:mapping=tex-
text;!


[115]
Missing character: There is no   (U+202F) in font [lmroman12-bold]:mapping=tex-
text;!
Missing character: There is no   (U+202F) in font [lmroman12-regular]:mapping=t
ex-text;!
Missing character: There is no   (U+202F) in font [lmroman12-bold]:mapping=tex-
text;!
Missing character: There is no   (U+202F) in font [lmroman12-regular]:mapping=t
ex-text;!

Underfull \vbox (badness 10000) has occurred while \output is active []



[116]
Missing character: There is no   (U+202F) in font [lmroman12-bold]:mapping=tex-
text;!
Missing character: There is no   (U+202F) in font [lmroman12-regular]:mapping=t
ex-text;!
Missing character: There is no   (U+202F) in font [lmroman12-bold]:mapping=tex-
text;!
Missing character: There is no   (U+202F) in font [lmroman12-bold]:mapping=tex-
text;!
Missing character: There is no   (U+202F) in font [lmroman12-bold]:mapping=tex-
text;!


[117]
Missing character: There is no   (U+202F) in font [lmroman12-bold]:mapping=tex-
text;!
Missing character: There is no   (U+202F) in font [lmroman12-bold]:mapping=tex-
text;!
Missing character: There is no   (U+202F) in font [lmroman12-bold]:mapping=tex-
text;!
Missing character: There is no   (U+202F) in font [lmroman12-regular]:mapping=t
ex-text;!

Underfull \vbox (badness 10000) has occurred while \output is active []



[118]
Missing character: There is no   (U+202F) in font [lmroman12-bold]:mapping=tex-
text;!
Missing character: There is no   (U+202F) in font [lmroman12-bold]:mapping=tex-
text;!
Missing character: There is no   (U+202F) in font [lmroman12-bold]:mapping=tex-
text;!
)
Underfull \hbox (badness 10000) in paragraph at lines 385--418

 []



[119]
Annexe B.
File: ./illustrations/aidedl.pdf Graphic file (type pdf)
<./illustrations/aidedl.pdf>
File: ./illustrations/aidedl.pdf Graphic file (type pdf)
<./illustrations/aidedl.pdf>
File: ./illustrations/aidedl.pdf Graphic file (type pdf)
<./illustrations/aidedl.pdf>


[120

]
File: ./illustrations/aidedl.pdf Graphic file (type pdf)
<./illustrations/aidedl.pdf>
File: ./illustrations/aidedl.pdf Graphic file (type pdf)
<./illustrations/aidedl.pdf>


File: ./illustrations/aidedl.pdf Graphic file (type pdf)
<./illustrations/aidedl.pdf>
[121

]
File: ./illustrations/aidedl.pdf Graphic file (type pdf)
<./illustrations/aidedl.pdf>
File: ./illustrations/aidedl.pdf Graphic file (type pdf)
<./illustrations/aidedl.pdf>


File: ./illustrations/aidedl.pdf Graphic file (type pdf)
<./illustrations/aidedl.pdf>
[122

]
File: ./illustrations/aidedl.pdf Graphic file (type pdf)
<./illustrations/aidedl.pdf>
File: ./illustrations/aidedl.pdf Graphic file (type pdf)
<./illustrations/aidedl.pdf>


File: ./illustrations/aidedl.pdf Graphic file (type pdf)
<./illustrations/aidedl.pdf>
[123

]
Annexe C.
File: ./illustrations/cahier_charges_cartographie.pdf Graphic file (type pdf)
<./illustrations/cahier_charges_cartographie.pdf>
File: ./illustrations/cahier_charges_cartographie.pdf Graphic file (type pdf)
<./illustrations/cahier_charges_cartographie.pdf>
File: ./illustrations/cahier_charges_cartographie.pdf Graphic file (type pdf)
<./illustrations/cahier_charges_cartographie.pdf>


[124

]
File: ./illustrations/cahier_charges_cartographie.pdf Graphic file (type pdf)
<./illustrations/cahier_charges_cartographie.pdf>
File: ./illustrations/cahier_charges_cartographie.pdf Graphic file (type pdf)
<./illustrations/cahier_charges_cartographie.pdf>


File: ./illustrations/cahier_charges_cartographie.pdf Graphic file (type pdf)
<./illustrations/cahier_charges_cartographie.pdf>
[125

]
File: ./illustrations/cahier_charges_cartographie.pdf Graphic file (type pdf)
<./illustrations/cahier_charges_cartographie.pdf>
File: ./illustrations/cahier_charges_cartographie.pdf Graphic file (type pdf)
<./illustrations/cahier_charges_cartographie.pdf>


File: ./illustrations/cahier_charges_cartographie.pdf Graphic file (type pdf)
<./illustrations/cahier_charges_cartographie.pdf>
[126

]
File: ./illustrations/cahier_charges_cartographie.pdf Graphic file (type pdf)
<./illustrations/cahier_charges_cartographie.pdf>
File: ./illustrations/cahier_charges_cartographie.pdf Graphic file (type pdf)
<./illustrations/cahier_charges_cartographie.pdf>


File: ./illustrations/cahier_charges_cartographie.pdf Graphic file (type pdf)
<./illustrations/cahier_charges_cartographie.pdf>
[127

]
File: ./illustrations/cahier_charges_cartographie.pdf Graphic file (type pdf)
<./illustrations/cahier_charges_cartographie.pdf>
File: ./illustrations/cahier_charges_cartographie.pdf Graphic file (type pdf)
<./illustrations/cahier_charges_cartographie.pdf>


File: ./illustrations/cahier_charges_cartographie.pdf Graphic file (type pdf)
<./illustrations/cahier_charges_cartographie.pdf>
[128

]
File: ./illustrations/cahier_charges_cartographie.pdf Graphic file (type pdf)
<./illustrations/cahier_charges_cartographie.pdf>
File: ./illustrations/cahier_charges_cartographie.pdf Graphic file (type pdf)
<./illustrations/cahier_charges_cartographie.pdf>


File: ./illustrations/cahier_charges_cartographie.pdf Graphic file (type pdf)
<./illustrations/cahier_charges_cartographie.pdf>
[129

]
File: ./illustrations/cahier_charges_cartographie.pdf Graphic file (type pdf)
<./illustrations/cahier_charges_cartographie.pdf>
File: ./illustrations/cahier_charges_cartographie.pdf Graphic file (type pdf)
<./illustrations/cahier_charges_cartographie.pdf>


File: ./illustrations/cahier_charges_cartographie.pdf Graphic file (type pdf)
<./illustrations/cahier_charges_cartographie.pdf>
[130

]
File: ./illustrations/cahier_charges_cartographie.pdf Graphic file (type pdf)
<./illustrations/cahier_charges_cartographie.pdf>
File: ./illustrations/cahier_charges_cartographie.pdf Graphic file (type pdf)
<./illustrations/cahier_charges_cartographie.pdf>


File: ./illustrations/cahier_charges_cartographie.pdf Graphic file (type pdf)
<./illustrations/cahier_charges_cartographie.pdf>
[131

]
File: ./illustrations/cahier_charges_cartographie.pdf Graphic file (type pdf)
<./illustrations/cahier_charges_cartographie.pdf>
File: ./illustrations/cahier_charges_cartographie.pdf Graphic file (type pdf)
<./illustrations/cahier_charges_cartographie.pdf>


File: ./illustrations/cahier_charges_cartographie.pdf Graphic file (type pdf)
<./illustrations/cahier_charges_cartographie.pdf>
[132

]
File: ./illustrations/cahier_charges_cartographie.pdf Graphic file (type pdf)
<./illustrations/cahier_charges_cartographie.pdf>
File: ./illustrations/cahier_charges_cartographie.pdf Graphic file (type pdf)
<./illustrations/cahier_charges_cartographie.pdf>


File: ./illustrations/cahier_charges_cartographie.pdf Graphic file (type pdf)
<./illustrations/cahier_charges_cartographie.pdf>
[133

]
File: ./illustrations/cahier_charges_cartographie.pdf Graphic file (type pdf)
<./illustrations/cahier_charges_cartographie.pdf>
File: ./illustrations/cahier_charges_cartographie.pdf Graphic file (type pdf)
<./illustrations/cahier_charges_cartographie.pdf>


File: ./illustrations/cahier_charges_cartographie.pdf Graphic file (type pdf)
<./illustrations/cahier_charges_cartographie.pdf>
[134

]
File: ./illustrations/cahier_charges_cartographie.pdf Graphic file (type pdf)
<./illustrations/cahier_charges_cartographie.pdf>
File: ./illustrations/cahier_charges_cartographie.pdf Graphic file (type pdf)
<./illustrations/cahier_charges_cartographie.pdf>


File: ./illustrations/cahier_charges_cartographie.pdf Graphic file (type pdf)
<./illustrations/cahier_charges_cartographie.pdf>
[135

]
File: ./illustrations/cahier_charges_cartographie.pdf Graphic file (type pdf)
<./illustrations/cahier_charges_cartographie.pdf>
File: ./illustrations/cahier_charges_cartographie.pdf Graphic file (type pdf)
<./illustrations/cahier_charges_cartographie.pdf>


File: ./illustrations/cahier_charges_cartographie.pdf Graphic file (type pdf)
<./illustrations/cahier_charges_cartographie.pdf>
[136

]
File: ./illustrations/cahier_charges_cartographie.pdf Graphic file (type pdf)
<./illustrations/cahier_charges_cartographie.pdf>
File: ./illustrations/cahier_charges_cartographie.pdf Graphic file (type pdf)
<./illustrations/cahier_charges_cartographie.pdf>


File: ./illustrations/cahier_charges_cartographie.pdf Graphic file (type pdf)
<./illustrations/cahier_charges_cartographie.pdf>
[137

]
File: ./illustrations/cahier_charges_cartographie.pdf Graphic file (type pdf)
<./illustrations/cahier_charges_cartographie.pdf>
File: ./illustrations/cahier_charges_cartographie.pdf Graphic file (type pdf)
<./illustrations/cahier_charges_cartographie.pdf>


File: ./illustrations/cahier_charges_cartographie.pdf Graphic file (type pdf)
<./illustrations/cahier_charges_cartographie.pdf>
[138

]
File: ./illustrations/cahier_charges_cartographie.pdf Graphic file (type pdf)
<./illustrations/cahier_charges_cartographie.pdf>
File: ./illustrations/cahier_charges_cartographie.pdf Graphic file (type pdf)
<./illustrations/cahier_charges_cartographie.pdf>


File: ./illustrations/cahier_charges_cartographie.pdf Graphic file (type pdf)
<./illustrations/cahier_charges_cartographie.pdf>
[139

]
File: ./illustrations/cahier_charges_cartographie.pdf Graphic file (type pdf)
<./illustrations/cahier_charges_cartographie.pdf>
File: ./illustrations/cahier_charges_cartographie.pdf Graphic file (type pdf)
<./illustrations/cahier_charges_cartographie.pdf>


File: ./illustrations/cahier_charges_cartographie.pdf Graphic file (type pdf)
<./illustrations/cahier_charges_cartographie.pdf>
[140

]
File: ./illustrations/cahier_charges_cartographie.pdf Graphic file (type pdf)
<./illustrations/cahier_charges_cartographie.pdf>
File: ./illustrations/cahier_charges_cartographie.pdf Graphic file (type pdf)
<./illustrations/cahier_charges_cartographie.pdf>


File: ./illustrations/cahier_charges_cartographie.pdf Graphic file (type pdf)
<./illustrations/cahier_charges_cartographie.pdf>
[141

]
File: ./illustrations/cahier_charges_cartographie.pdf Graphic file (type pdf)
<./illustrations/cahier_charges_cartographie.pdf>
File: ./illustrations/cahier_charges_cartographie.pdf Graphic file (type pdf)
<./illustrations/cahier_charges_cartographie.pdf>


File: ./illustrations/cahier_charges_cartographie.pdf Graphic file (type pdf)
<./illustrations/cahier_charges_cartographie.pdf>
[142

]
File: ./illustrations/cahier_charges_cartographie.pdf Graphic file (type pdf)
<./illustrations/cahier_charges_cartographie.pdf>
File: ./illustrations/cahier_charges_cartographie.pdf Graphic file (type pdf)
<./illustrations/cahier_charges_cartographie.pdf>


File: ./illustrations/cahier_charges_cartographie.pdf Graphic file (type pdf)
<./illustrations/cahier_charges_cartographie.pdf>
[143

]
File: ./illustrations/cahier_charges_cartographie.pdf Graphic file (type pdf)
<./illustrations/cahier_charges_cartographie.pdf>
File: ./illustrations/cahier_charges_cartographie.pdf Graphic file (type pdf)
<./illustrations/cahier_charges_cartographie.pdf>


File: ./illustrations/cahier_charges_cartographie.pdf Graphic file (type pdf)
<./illustrations/cahier_charges_cartographie.pdf>
[144

]
File: ./illustrations/cahier_charges_cartographie.pdf Graphic file (type pdf)
<./illustrations/cahier_charges_cartographie.pdf>
File: ./illustrations/cahier_charges_cartographie.pdf Graphic file (type pdf)
<./illustrations/cahier_charges_cartographie.pdf>


File: ./illustrations/cahier_charges_cartographie.pdf Graphic file (type pdf)
<./illustrations/cahier_charges_cartographie.pdf>
[145

]
File: ./illustrations/cahier_charges_cartographie.pdf Graphic file (type pdf)
<./illustrations/cahier_charges_cartographie.pdf>
File: ./illustrations/cahier_charges_cartographie.pdf Graphic file (type pdf)
<./illustrations/cahier_charges_cartographie.pdf>


File: ./illustrations/cahier_charges_cartographie.pdf Graphic file (type pdf)
<./illustrations/cahier_charges_cartographie.pdf>
[146

]
File: ./illustrations/cahier_charges_cartographie.pdf Graphic file (type pdf)
<./illustrations/cahier_charges_cartographie.pdf>
File: ./illustrations/cahier_charges_cartographie.pdf Graphic file (type pdf)
<./illustrations/cahier_charges_cartographie.pdf>


File: ./illustrations/cahier_charges_cartographie.pdf Graphic file (type pdf)
<./illustrations/cahier_charges_cartographie.pdf>
[147

]
File: ./illustrations/cahier_charges_cartographie.pdf Graphic file (type pdf)
<./illustrations/cahier_charges_cartographie.pdf>
File: ./illustrations/cahier_charges_cartographie.pdf Graphic file (type pdf)
<./illustrations/cahier_charges_cartographie.pdf>


File: ./illustrations/cahier_charges_cartographie.pdf Graphic file (type pdf)
<./illustrations/cahier_charges_cartographie.pdf>
[148

]
File: ./illustrations/cahier_charges_cartographie.pdf Graphic file (type pdf)
<./illustrations/cahier_charges_cartographie.pdf>
File: ./illustrations/cahier_charges_cartographie.pdf Graphic file (type pdf)
<./illustrations/cahier_charges_cartographie.pdf>


File: ./illustrations/cahier_charges_cartographie.pdf Graphic file (type pdf)
<./illustrations/cahier_charges_cartographie.pdf>
[149

]
File: ./illustrations/cahier_charges_cartographie.pdf Graphic file (type pdf)
<./illustrations/cahier_charges_cartographie.pdf>
File: ./illustrations/cahier_charges_cartographie.pdf Graphic file (type pdf)
<./illustrations/cahier_charges_cartographie.pdf>


File: ./illustrations/cahier_charges_cartographie.pdf Graphic file (type pdf)
<./illustrations/cahier_charges_cartographie.pdf>
[150

]
Annexe D.
File: ./illustrations/DP.pdf Graphic file (type pdf)
<./illustrations/DP.pdf>
File: ./illustrations/DP.pdf Graphic file (type pdf)
<./illustrations/DP.pdf>
File: ./illustrations/DP.pdf Graphic file (type pdf)
<./illustrations/DP.pdf>


[151

]
File: ./illustrations/DP.pdf Graphic file (type pdf)
<./illustrations/DP.pdf>
File: ./illustrations/DP.pdf Graphic file (type pdf)
<./illustrations/DP.pdf>


File: ./illustrations/DP.pdf Graphic file (type pdf)
<./illustrations/DP.pdf>
[152

]
Annexe E.
File: ./illustrations/notice_14_juin_totem.pdf Graphic file (type pdf)
<./illustrations/notice_14_juin_totem.pdf>
File: ./illustrations/notice_14_juin_totem.pdf Graphic file (type pdf)
<./illustrations/notice_14_juin_totem.pdf>
File: ./illustrations/notice_14_juin_totem.pdf Graphic file (type pdf)
<./illustrations/notice_14_juin_totem.pdf>


[153

]
File: ./illustrations/notice_14_juin_totem.pdf Graphic file (type pdf)
<./illustrations/notice_14_juin_totem.pdf>
File: ./illustrations/notice_14_juin_totem.pdf Graphic file (type pdf)
<./illustrations/notice_14_juin_totem.pdf>


File: ./illustrations/notice_14_juin_totem.pdf Graphic file (type pdf)
<./illustrations/notice_14_juin_totem.pdf>
[154

]
File: ./illustrations/notice_14_juin_totem.pdf Graphic file (type pdf)
<./illustrations/notice_14_juin_totem.pdf>
File: ./illustrations/notice_14_juin_totem.pdf Graphic file (type pdf)
<./illustrations/notice_14_juin_totem.pdf>


File: ./illustrations/notice_14_juin_totem.pdf Graphic file (type pdf)
<./illustrations/notice_14_juin_totem.pdf>
[155

]
File: ./illustrations/notice_14_juin_totem.pdf Graphic file (type pdf)
<./illustrations/notice_14_juin_totem.pdf>
File: ./illustrations/notice_14_juin_totem.pdf Graphic file (type pdf)
<./illustrations/notice_14_juin_totem.pdf>


File: ./illustrations/notice_14_juin_totem.pdf Graphic file (type pdf)
<./illustrations/notice_14_juin_totem.pdf>
[156

]
File: ./illustrations/notice_14_juin_totem.pdf Graphic file (type pdf)
<./illustrations/notice_14_juin_totem.pdf>
File: ./illustrations/notice_14_juin_totem.pdf Graphic file (type pdf)
<./illustrations/notice_14_juin_totem.pdf>


File: ./illustrations/notice_14_juin_totem.pdf Graphic file (type pdf)
<./illustrations/notice_14_juin_totem.pdf>
[157

]
File: ./illustrations/notice_14_juin_totem.pdf Graphic file (type pdf)
<./illustrations/notice_14_juin_totem.pdf>
File: ./illustrations/notice_14_juin_totem.pdf Graphic file (type pdf)
<./illustrations/notice_14_juin_totem.pdf>


File: ./illustrations/notice_14_juin_totem.pdf Graphic file (type pdf)
<./illustrations/notice_14_juin_totem.pdf>
[158

]
File: ./illustrations/notice_14_juin_hyperbase.pdf Graphic file (type pdf)
<./illustrations/notice_14_juin_hyperbase.pdf>
File: ./illustrations/notice_14_juin_hyperbase.pdf Graphic file (type pdf)
<./illustrations/notice_14_juin_hyperbase.pdf>
File: ./illustrations/notice_14_juin_hyperbase.pdf Graphic file (type pdf)
<./illustrations/notice_14_juin_hyperbase.pdf>


[159]
File: ./illustrations/notice_14_juin_hyperbase.pdf Graphic file (type pdf)
<./illustrations/notice_14_juin_hyperbase.pdf>
File: ./illustrations/notice_14_juin_hyperbase.pdf Graphic file (type pdf)
<./illustrations/notice_14_juin_hyperbase.pdf>


File: ./illustrations/notice_14_juin_hyperbase.pdf Graphic file (type pdf)
<./illustrations/notice_14_juin_hyperbase.pdf>
[160

]
File: ./illustrations/notice_14_juin_hyperbase.pdf Graphic file (type pdf)
<./illustrations/notice_14_juin_hyperbase.pdf>
File: ./illustrations/notice_14_juin_hyperbase.pdf Graphic file (type pdf)
<./illustrations/notice_14_juin_hyperbase.pdf>


File: ./illustrations/notice_14_juin_hyperbase.pdf Graphic file (type pdf)
<./illustrations/notice_14_juin_hyperbase.pdf>
[161

]
File: ./illustrations/notice_14_juin_hyperbase.pdf Graphic file (type pdf)
<./illustrations/notice_14_juin_hyperbase.pdf>
File: ./illustrations/notice_14_juin_hyperbase.pdf Graphic file (type pdf)
<./illustrations/notice_14_juin_hyperbase.pdf>


File: ./illustrations/notice_14_juin_hyperbase.pdf Graphic file (type pdf)
<./illustrations/notice_14_juin_hyperbase.pdf>
[162

] (./document_maitre.gls

Package hyperref Warning: Token not allowed in a PDF string (Unicode):
(hyperref)                removing `\textfrench' on input line 1.

)

[163




] (./document_maitre.toc

[164

]

[165])
\tf@toc=\write6
\openout6 = `document_maitre.toc'.



[166] (./document_maitre.aux)
 ***********
LaTeX2e <2025-06-01> patch level 1
L3 programming layer <2025-09-02>
 ***********
Package logreq Info: Writing requests to 'document_maitre.run.xml'.
\openout1 = `document_maitre.run.xml'.

 ) 
Here is how much of TeX's memory you used:
 36190 strings out of 468389
 738517 string characters out of 5440619
 1611047 words of memory out of 5000000
 64206 multiletter control sequences out of 15000+600000
 632161 words of font info for 82 fonts, out of 8000000 for 9000
 1348 hyphenation exceptions out of 8191
 75i,14n,83p,11164b,5793s stack positions out of 10000i,1000n,20000p,200000b,200000s

Output written on document_maitre.pdf (182 pages).
